Component: ARM Compiler 5.06 update 2 (build 183) Tool: armlink [4d35b7]

==============================================================================

Section Cross References

    startup_stm32f10x_hd.o(RESET) refers to startup_stm32f10x_hd.o(STACK) for __initial_sp
    startup_stm32f10x_hd.o(RESET) refers to startup_stm32f10x_hd.o(.text) for Reset_Handler
    startup_stm32f10x_hd.o(RESET) refers to stm32f10x_it.o(i.NMI_Handler) for NMI_Handler
    startup_stm32f10x_hd.o(RESET) refers to stm32f10x_it.o(i.HardFault_Handler) for HardFault_Handler
    startup_stm32f10x_hd.o(RESET) refers to stm32f10x_it.o(i.MemManage_Handler) for MemManage_Handler
    startup_stm32f10x_hd.o(RESET) refers to stm32f10x_it.o(i.BusFault_Handler) for BusFault_Handler
    startup_stm32f10x_hd.o(RESET) refers to stm32f10x_it.o(i.UsageFault_Handler) for UsageFault_Handler
    startup_stm32f10x_hd.o(RESET) refers to stm32f10x_it.o(i.SVC_Handler) for SVC_Handler
    startup_stm32f10x_hd.o(RESET) refers to stm32f10x_it.o(i.DebugMon_Handler) for DebugMon_Handler
    startup_stm32f10x_hd.o(RESET) refers to stm32f10x_it.o(i.PendSV_Handler) for PendSV_Handler
    startup_stm32f10x_hd.o(RESET) refers to stm32f10x_it.o(i.SysTick_Handler) for SysTick_Handler
    startup_stm32f10x_hd.o(RESET) refers to dwgl_exti.o(i.EXTI1_IRQHandler) for EXTI1_IRQHandler
    startup_stm32f10x_hd.o(RESET) refers to stm32f10x_it.o(i.EXTI4_IRQHandler) for EXTI4_IRQHandler
    startup_stm32f10x_hd.o(RESET) refers to dwgl_dma.o(i.DMA1_Channel1_IRQHandler) for DMA1_Channel1_IRQHandler
    startup_stm32f10x_hd.o(RESET) refers to dwgl_adc.o(i.ADC1_2_IRQHandler) for ADC1_2_IRQHandler
    startup_stm32f10x_hd.o(RESET) refers to dwgl_tim.o(i.TIM2_IRQHandler) for TIM2_IRQHandler
    startup_stm32f10x_hd.o(RESET) refers to dwgl_tim.o(i.TIM3_IRQHandler) for TIM3_IRQHandler
    startup_stm32f10x_hd.o(RESET) refers to dwgl_spi.o(i.SPI1_IRQHandler) for SPI1_IRQHandler
    startup_stm32f10x_hd.o(RESET) refers to dwgl_spi.o(i.SPI2_IRQHandler) for SPI2_IRQHandler
    startup_stm32f10x_hd.o(RESET) refers to dwgl_sci.o(i.USART1_IRQHandler) for USART1_IRQHandler
    startup_stm32f10x_hd.o(RESET) refers to dwgl_sci.o(i.USART2_IRQHandler) for USART2_IRQHandler
    startup_stm32f10x_hd.o(RESET) refers to dwgl_sci.o(i.USART3_IRQHandler) for USART3_IRQHandler
    startup_stm32f10x_hd.o(RESET) refers to dwgl_exti.o(i.EXTI15_10_IRQHandler) for EXTI15_10_IRQHandler
    startup_stm32f10x_hd.o(.text) refers to system_stm32f10x.o(i.SystemInit) for SystemInit
    startup_stm32f10x_hd.o(.text) refers to entry.o(.ARM.Collect$$$$00000000) for __main
    system_stm32f10x.o(i.SetSysClock) refers to system_stm32f10x.o(i.SetSysClockTo72) for SetSysClockTo72
    system_stm32f10x.o(i.SystemCoreClockUpdate) refers to system_stm32f10x.o(.data) for SystemCoreClock
    system_stm32f10x.o(i.SystemInit) refers to system_stm32f10x.o(i.SetSysClock) for SetSysClock
    stm32f10x_adc.o(i.ADC_DeInit) refers to stm32f10x_rcc.o(i.RCC_APB2PeriphResetCmd) for RCC_APB2PeriphResetCmd
    stm32f10x_bkp.o(i.BKP_DeInit) refers to stm32f10x_rcc.o(i.RCC_BackupResetCmd) for RCC_BackupResetCmd
    stm32f10x_can.o(i.CAN_DeInit) refers to stm32f10x_rcc.o(i.RCC_APB1PeriphResetCmd) for RCC_APB1PeriphResetCmd
    stm32f10x_can.o(i.CAN_GetITStatus) refers to stm32f10x_can.o(i.CheckITStatus) for CheckITStatus
    stm32f10x_cec.o(i.CEC_DeInit) refers to stm32f10x_rcc.o(i.RCC_APB1PeriphResetCmd) for RCC_APB1PeriphResetCmd
    stm32f10x_dac.o(i.DAC_DeInit) refers to stm32f10x_rcc.o(i.RCC_APB1PeriphResetCmd) for RCC_APB1PeriphResetCmd
    stm32f10x_flash.o(i.FLASH_EnableWriteProtection) refers to stm32f10x_flash.o(i.FLASH_WaitForLastOperation) for FLASH_WaitForLastOperation
    stm32f10x_flash.o(i.FLASH_EraseAllBank1Pages) refers to stm32f10x_flash.o(i.FLASH_WaitForLastBank1Operation) for FLASH_WaitForLastBank1Operation
    stm32f10x_flash.o(i.FLASH_EraseAllPages) refers to stm32f10x_flash.o(i.FLASH_WaitForLastOperation) for FLASH_WaitForLastOperation
    stm32f10x_flash.o(i.FLASH_EraseOptionBytes) refers to stm32f10x_flash.o(i.FLASH_GetReadOutProtectionStatus) for FLASH_GetReadOutProtectionStatus
    stm32f10x_flash.o(i.FLASH_EraseOptionBytes) refers to stm32f10x_flash.o(i.FLASH_WaitForLastOperation) for FLASH_WaitForLastOperation
    stm32f10x_flash.o(i.FLASH_ErasePage) refers to stm32f10x_flash.o(i.FLASH_WaitForLastOperation) for FLASH_WaitForLastOperation
    stm32f10x_flash.o(i.FLASH_ProgramHalfWord) refers to stm32f10x_flash.o(i.FLASH_WaitForLastOperation) for FLASH_WaitForLastOperation
    stm32f10x_flash.o(i.FLASH_ProgramOptionByteData) refers to stm32f10x_flash.o(i.FLASH_WaitForLastOperation) for FLASH_WaitForLastOperation
    stm32f10x_flash.o(i.FLASH_ProgramWord) refers to stm32f10x_flash.o(i.FLASH_WaitForLastOperation) for FLASH_WaitForLastOperation
    stm32f10x_flash.o(i.FLASH_ReadOutProtection) refers to stm32f10x_flash.o(i.FLASH_WaitForLastOperation) for FLASH_WaitForLastOperation
[...]
    Removing stm32f10x_tim.o(i.TIM_SelectOutputTrigger), (18 bytes).
    Removing stm32f10x_tim.o(i.TIM_SelectSlaveMode), (18 bytes).
    Removing stm32f10x_tim.o(i.TIM_SetAutoreload), (4 bytes).
    Removing stm32f10x_tim.o(i.TIM_SetClockDivision), (18 bytes).
    Removing stm32f10x_tim.o(i.TIM_SetCompare1), (4 bytes).
    Removing stm32f10x_tim.o(i.TIM_SetCompare2), (4 bytes).
    Removing stm32f10x_tim.o(i.TIM_SetCompare3), (4 bytes).
    Removing stm32f10x_tim.o(i.TIM_SetCompare4), (6 bytes).
    Removing stm32f10x_tim.o(i.TIM_SetCounter), (4 bytes).
    Removing stm32f10x_tim.o(i.TIM_SetIC1Prescaler), (18 bytes).
    Removing stm32f10x_tim.o(i.TIM_SetIC2Prescaler), (26 bytes).
    Removing stm32f10x_tim.o(i.TIM_SetIC3Prescaler), (18 bytes).
    Removing stm32f10x_tim.o(i.TIM_SetIC4Prescaler), (26 bytes).
    Removing stm32f10x_tim.o(i.TIM_TIxExternalClockConfig), (62 bytes).
    Removing stm32f10x_tim.o(i.TIM_TimeBaseInit), (164 bytes).
    Removing stm32f10x_tim.o(i.TIM_TimeBaseStructInit), (18 bytes).
    Removing stm32f10x_tim.o(i.TIM_UpdateDisableConfig), (24 bytes).
    Removing stm32f10x_tim.o(i.TIM_UpdateRequestConfig), (24 bytes).
    Removing stm32f10x_usart.o(i.USART_ClearFlag), (18 bytes).
    Removing stm32f10x_usart.o(i.USART_ClockInit), (34 bytes).
    Removing stm32f10x_usart.o(i.USART_ClockStructInit), (12 bytes).
    Removing stm32f10x_usart.o(i.USART_DMACmd), (18 bytes).
    Removing stm32f10x_usart.o(i.USART_DeInit), (156 bytes).
    Removing stm32f10x_usart.o(i.USART_GetFlagStatus), (26 bytes).
    Removing stm32f10x_usart.o(i.USART_HalfDuplexCmd), (24 bytes).
    Removing stm32f10x_usart.o(i.USART_IrDACmd), (24 bytes).
    Removing stm32f10x_usart.o(i.USART_IrDAConfig), (18 bytes).
    Removing stm32f10x_usart.o(i.USART_LINBreakDetectLengthConfig), (18 bytes).
    Removing stm32f10x_usart.o(i.USART_LINCmd), (24 bytes).
    Removing stm32f10x_usart.o(i.USART_OneBitMethodCmd), (24 bytes).
    Removing stm32f10x_usart.o(i.USART_OverSampling8Cmd), (22 bytes).
    Removing stm32f10x_usart.o(i.USART_ReceiveData), (10 bytes).
    Removing stm32f10x_usart.o(i.USART_ReceiverWakeUpCmd), (24 bytes).
    Removing stm32f10x_usart.o(i.USART_SendBreak), (10 bytes).
    Removing stm32f10x_usart.o(i.USART_SendData), (8 bytes).
    Removing stm32f10x_usart.o(i.USART_SetAddress), (18 bytes).
    Removing stm32f10x_usart.o(i.USART_SetGuardTime), (16 bytes).
    Removing stm32f10x_usart.o(i.USART_SetPrescaler), (16 bytes).
    Removing stm32f10x_usart.o(i.USART_SmartCardCmd), (24 bytes).
    Removing stm32f10x_usart.o(i.USART_SmartCardNACKCmd), (24 bytes).
    Removing stm32f10x_usart.o(i.USART_StructInit), (24 bytes).
    Removing stm32f10x_usart.o(i.USART_WakeUpConfig), (18 bytes).
    Removing stm32f10x_wwdg.o(i.WWDG_ClearFlag), (12 bytes).
    Removing stm32f10x_wwdg.o(i.WWDG_DeInit), (22 bytes).
    Removing stm32f10x_wwdg.o(i.WWDG_Enable), (16 bytes).
    Removing stm32f10x_wwdg.o(i.WWDG_EnableIT), (12 bytes).
    Removing stm32f10x_wwdg.o(i.WWDG_GetFlagStatus), (12 bytes).
    Removing stm32f10x_wwdg.o(i.WWDG_SetCounter), (16 bytes).
    Removing stm32f10x_wwdg.o(i.WWDG_SetPrescaler), (24 bytes).
    Removing stm32f10x_wwdg.o(i.WWDG_SetWindowValue), (40 bytes).
    Removing bsp_gpio_spi.o(i.GPIO_SPI_Config), (128 bytes).
    Removing bsp_gpio_spi.o(i.TP_INT_GPIO_Config), (76 bytes).
    Removing bsp_gpio_spi.o(i.TP_INT_NVIC_Config), (38 bytes).
    Removing dwgl_function.o(i.Addr_Set), (2 bytes).
    Removing dwgl_function.o(i.AllPort_PowerInfo), (2 bytes).
    Removing dwgl_function.o(i.Choose_uart2), (2 bytes).
    Removing dwgl_function.o(i.Device_Info), (2 bytes).
    Removing dwgl_function.o(i.DisplayADC_BL), (188 bytes).
    Removing dwgl_function.o(i.Dport_ChargeHB_OFF), (56 bytes).
    Removing dwgl_function.o(i.Dport_ChargeHB_ON), (52 bytes).
    Removing dwgl_function.o(i.Dport_ChargeHC_OFF), (56 bytes).
    Removing dwgl_function.o(i.Dport_ChargeHC_ON), (56 bytes).
    Removing dwgl_function.o(i.Dport_ChargeState), (460 bytes).
    Removing dwgl_function.o(i.Hub_ID_Info), (2 bytes).
    Removing dwgl_function.o(i.Hub_Rst), (2 bytes).
    Removing dwgl_function.o(i.TASK0_display), (2 bytes).
    Removing dwgl_function.o(i.buffer_display), (2 bytes).
    Removing dwgl_function.o(i.cmd_Device_Info), (48 bytes).
    Removing dwgl_function.o(i.cmd_Hub_Rst), (2 bytes).
    Removing dwgl_function.o(i.continuous_display), (2 bytes).
    Removing dwgl_function.o(i.display_flash_BMPE), (624 bytes).
    Removing dwgl_function.o(i.point_display), (2 bytes).
    Removing dwgl_function.o(i.u16toStr), (94 bytes).
    Removing dwgl_function.o(i.u16toStr_unit), (100 bytes).
    Removing dwgl_dac.o(i.DAC1_Init), (88 bytes).
    Removing dwgl_dac.o(i.DAC2_Init), (84 bytes).
    Removing dwgl_dac.o(i.DAC_Configuration), (8 bytes).
    Removing dwgl_dac.o(.data), (16 bytes).
    Removing dwgl_adc.o(i.ADC2_Init), (2 bytes).
    Removing dwgl_dma.o(i.DMA1_Channel1_Init), (96 bytes).
    Removing dwgl_dma.o(i.DMA2_Channel1_Init), (2 bytes).
    Removing dwgl_dma.o(i.DMA_Configuration), (8 bytes).
    Removing dwgl_tim.o(i.TIM2_Init), (132 bytes).
    Removing dwgl_tim.o(i.TIM3_Configuration), (84 bytes).
    Removing dwgl_tim.o(i.TIM_Configuration), (28 bytes).
    Removing dwgl_exti.o(i.EXTI15_10_Init), (92 bytes).
    Removing dwgl_exti.o(i.EXTI1_Init), (84 bytes).
    Removing dwgl_exti.o(i.EXTI_Configuration), (32 bytes).
    Removing dwgl_sci.o(i.RS485_Delay), (10 bytes).
    Removing dwgl_sci.o(i.UART2_Init), (152 bytes).
    Removing dwgl_sci.o(i.UART2_Send_Data), (44 bytes).
    Removing pm25lq512flash.o(i.FLASH2_CER), (144 bytes).
    Removing pm25lq512flash.o(i.FLASH2_IsBusy), (140 bytes).
    Removing pm25lq512flash.o(i.FLASH2_PageWrite_from_Buffer), (240 bytes).
    Removing pm25lq512flash.o(i.FLASH2_RDREG), (88 bytes).
    Removing pm25lq512flash.o(i.FLASH2_ReadID), (124 bytes).
    Removing pm25lq512flash.o(i.FLASH2_Read_to_Buffer), (224 bytes).
    Removing pm25lq512flash.o(i.FLASH2_SER), (188 bytes).
    Removing pm25lq512flash.o(i.FLASH2_WRREG), (80 bytes).
    Removing pm25lq512flash.o(i.FLASH_ERASE4K_4Byte), (204 bytes).
    Removing pm25lq512flash.o(i.FLASH_Read_4Byte), (236 bytes).
    Removing pm25lq512flash.o(i.FLASH_Write_4Byte), (292 bytes).
    Removing pm25lq512flash.o(i.UnprotectFlash2), (12 bytes).
    Removing dwgl_spi.o(i.Flash_ReadWriteByte), (56 bytes).
    Removing dwgl_spi.o(i.GPIOSPI_SR_Data), (34 bytes).
    Removing dwgl_spi.o(i.GPIOSPI_Send1_Data), (28 bytes).
    Removing dwgl_spi.o(i.GPIOSPI_Send_Data), (28 bytes).
    Removing dwgl_spi.o(i.SPI1_Init), (160 bytes).
    Removing dwgl_spi.o(i.SPI1_Send_Data), (56 bytes).
    Removing dwgl_spi.o(i.SPI1_Send_Data1), (32 bytes).
    Removing dwgl_spi.o(i.SPI2_Init), (172 bytes).
    Removing dwgl_spi.o(i.SPI2_Send_Data), (2 bytes).
    Removing dwgl_spi.o(i.SPI_Configuration), (40 bytes).
    Removing dwgl_wb_lcd.o(i.FSMC_LCDInit), (134 bytes).
    Removing dwgl_wb_lcd.o(i.LCD_Clear_S), (58 bytes).
    Removing dwgl_wb_lcd.o(i.LCD_DisplayStr), (92 bytes).
    Removing dwgl_wb_lcd.o(i.LCD_DrawCircle), (176 bytes).
    Removing dwgl_wb_lcd.o(i.LCD_DrawHVLine), (90 bytes).
    Removing dwgl_wb_lcd.o(i.LCD_DrawLine), (184 bytes).
    Removing dwgl_wb_lcd.o(i.LCD_DrawPicture), (124 bytes).
    Removing dwgl_wb_lcd.o(i.LCD_DrawRectangle), (64 bytes).
    Removing dwgl_wb_lcd.o(i.LCD_GetPoint), (36 bytes).
    Removing dwgl_wb_lcd.o(i.LCD_IOConfig), (116 bytes).
    Removing dwgl_wb_lcd.o(i.LCD_RGBtoBGR), (26 bytes).
    Removing dwgl_wb_lcd.o(i.LCD_ReadRAM), (14 bytes).
    Removing dwgl_wb_lcd.o(i.LCD_ShowChar), (140 bytes).
    Removing dwgl_wb_lcd.o(i.LCD_ShowCharString), (72 bytes).
    Removing dwgl_wb_lcd.o(i.LCD_ShowHzString), (6 bytes).
    Removing dwgl_wb_lcd.o(i.LCD_ShowNum), (178 bytes).
    Removing dwgl_wb_lcd.o(i.LCD_WriteReg), (20 bytes).
    Removing dwgl_wb_lcd.o(i.Read_LCDReg), (12 bytes).
    Removing dwgl_wb_lcd.o(i.WriteOneHz), (170 bytes).
    Removing dwgl_wb_lcd.o(i.findHzIndex), (6 bytes).
    Removing dwgl_wb_lcd.o(i.mypow), (22 bytes).
    Removing dwgl_wb_lcd.o(.data), (4 bytes).
    Removing dwgl_tft.o(i.tft_16bitdeep_array), (136 bytes).
    Removing dwgl_tft.o(i.tft_1bitdeep_EWM), (260 bytes).
    Removing dwgl_tft.o(i.tft_1bitdeep_array), (148 bytes).
    Removing dwgl_tft.o(i.tft_ShowChar), (168 bytes).
    Removing dwgl_tft.o(i.tft_ShowHz), (216 bytes).
    Removing gimage7_128_128_1bitc.o(.constdata), (2048 bytes).
    Removing gimage9_128_128_1bitc.o(.constdata), (2048 bytes).

531 unused section(s) (total 30142 bytes) removed from the image.

==============================================================================

Image Symbol Table

    Local Symbols

    Symbol Name                              Value     Ov Type        Size  Object(Section)

    ../clib/../cmprslib/zerorunl2.c          0x00000000   Number         0  __dczerorl2.o ABSOLUTE
    ../clib/microlib/init/entry.s            0x00000000   Number         0  entry8b.o ABSOLUTE
    ../clib/microlib/init/entry.s            0x00000000   Number         0  entry9b.o ABSOLUTE
    ../clib/microlib/init/entry.s            0x00000000   Number         0  entry11a.o ABSOLUTE
    ../clib/microlib/init/entry.s            0x00000000   Number         0  entry.o ABSOLUTE
    ../clib/microlib/init/entry.s            0x00000000   Number         0  entry9a.o ABSOLUTE
    ../clib/microlib/init/entry.s            0x00000000   Number         0  entry8a.o ABSOLUTE
    ../clib/microlib/init/entry.s            0x00000000   Number         0  entry7b.o ABSOLUTE
    ../clib/microlib/init/entry.s            0x00000000   Number         0  entry7a.o ABSOLUTE
    ../clib/microlib/init/entry.s            0x00000000   Number         0  entry5.o ABSOLUTE
    ../clib/microlib/init/entry.s            0x00000000   Number         0  entry11b.o ABSOLUTE
    ../clib/microlib/init/entry.s            0x00000000   Number         0  entry10a.o ABSOLUTE
    ../clib/microlib/init/entry.s            0x00000000   Number         0  entry2.o ABSOLUTE
    ../clib/microlib/init/entry.s            0x00000000   Number         0  entry10b.o ABSOLUTE
    ..\..\Libraries\CMSIS\core_cm3.c         0x00000000   Number         0  core_cm3.o ABSOLUTE
    ..\..\Libraries\CMSIS\startup\startup_stm32f10x_hd.s 0x00000000   Number         0  startup_stm32f10x_hd.o ABSOLUTE
    ..\..\Libraries\CMSIS\system_stm32f10x.c 0x00000000   Number         0  system_stm32f10x.o ABSOLUTE
    ..\..\Libraries\FWlib\src\misc.c         0x00000000   Number         0  misc.o ABSOLUTE
    ..\..\Libraries\FWlib\src\stm32f10x_adc.c 0x00000000   Number         0  stm32f10x_adc.o ABSOLUTE
    ..\..\Libraries\FWlib\src\stm32f10x_bkp.c 0x00000000   Number         0  stm32f10x_bkp.o ABSOLUTE
    ..\..\Libraries\FWlib\src\stm32f10x_can.c 0x00000000   Number         0  stm32f10x_can.o ABSOLUTE
    ..\..\Libraries\FWlib\src\stm32f10x_cec.c 0x00000000   Number         0  stm32f10x_cec.o ABSOLUTE
    ..\..\Libraries\FWlib\src\stm32f10x_crc.c 0x00000000   Number         0  stm32f10x_crc.o ABSOLUTE
    ..\..\Libraries\FWlib\src\stm32f10x_dac.c 0x00000000   Number         0  stm32f10x_dac.o ABSOLUTE
    ..\..\Libraries\FWlib\src\stm32f10x_dbgmcu.c 0x00000000   Number         0  stm32f10x_dbgmcu.o ABSOLUTE
    ..\..\Libraries\FWlib\src\stm32f10x_dma.c 0x00000000   Number         0  stm32f10x_dma.o ABSOLUTE
    ..\..\Libraries\FWlib\src\stm32f10x_exti.c 0x00000000   Number         0  stm32f10x_exti.o ABSOLUTE
    ..\..\Libraries\FWlib\src\stm32f10x_flash.c 0x00000000   Number         0  stm32f10x_flash.o ABSOLUTE
    ..\..\Libraries\FWlib\src\stm32f10x_fsmc.c 0x00000000   Number         0  stm32f10x_fsmc.o ABSOLUTE
    ..\..\Libraries\FWlib\src\stm32f10x_gpio.c 0x00000000   Number         0  stm32f10x_gpio.o ABSOLUTE
    ..\..\Libraries\FWlib\src\stm32f10x_i2c.c 0x00000000   Number         0  stm32f10x_i2c.o ABSOLUTE
    ..\..\Libraries\FWlib\src\stm32f10x_iwdg.c 0x00000000   Number         0  stm32f10x_iwdg.o ABSOLUTE
    ..\..\Libraries\FWlib\src\stm32f10x_pwr.c 0x00000000   Number         0  stm32f10x_pwr.o ABSOLUTE
    ..\..\Libraries\FWlib\src\stm32f10x_rcc.c 0x00000000   Number         0  stm32f10x_rcc.o ABSOLUTE
    ..\..\Libraries\FWlib\src\stm32f10x_rtc.c 0x00000000   Number         0  stm32f10x_rtc.o ABSOLUTE
    ..\..\Libraries\FWlib\src\stm32f10x_sdio.c 0x00000000   Number         0  stm32f10x_sdio.o ABSOLUTE
    ..\..\Libraries\FWlib\src\stm32f10x_spi.c 0x00000000   Number         0  stm32f10x_spi.o ABSOLUTE
    ..\..\Libraries\FWlib\src\stm32f10x_tim.c 0x00000000   Number         0  stm32f10x_tim.o ABSOLUTE
    ..\..\Libraries\FWlib\src\stm32f10x_usart.c 0x00000000   Number         0  stm32f10x_usart.o ABSOLUTE
    ..\..\Libraries\FWlib\src\stm32f10x_wwdg.c 0x00000000   Number         0  stm32f10x_wwdg.o ABSOLUTE
    ..\..\User\AsciiLib_65k.c                0x00000000   Number         0  asciilib_65k.o ABSOLUTE
    ..\..\User\HzLib_65k.c                   0x00000000   Number         0  hzlib_65k.o ABSOLUTE
    ..\..\User\SysTick\bsp_SysTick.c         0x00000000   Number         0  bsp_systick.o ABSOLUTE
    ..\..\User\dwgl_adc.c                    0x00000000   Number         0  dwgl_adc.o ABSOLUTE
    ..\..\User\dwgl_dac.c                    0x00000000   Number         0  dwgl_dac.o ABSOLUTE
    ..\..\User\dwgl_dma.c                    0x00000000   Number         0  dwgl_dma.o ABSOLUTE
    ..\..\User\dwgl_exti.c                   0x00000000   Number         0  dwgl_exti.o ABSOLUTE
    ..\..\User\dwgl_function.c               0x00000000   Number         0  dwgl_function.o ABSOLUTE
    ..\..\User\dwgl_global.c                 0x00000000   Number         0  dwgl_global.o ABSOLUTE
    ..\..\User\dwgl_sci.c                    0x00000000   Number         0  dwgl_sci.o ABSOLUTE
    ..\..\User\dwgl_spi.c                    0x00000000   Number         0  dwgl_spi.o ABSOLUTE
    ..\..\User\dwgl_tft.c                    0x00000000   Number         0  dwgl_tft.o ABSOLUTE
    ..\..\User\dwgl_tim.c                    0x00000000   Number         0  dwgl_tim.o ABSOLUTE
    ..\..\User\icon\gImage10_16_288_1bitC.c  0x00000000   Number         0  gimage10_16_288_1bitc.o ABSOLUTE
    ..\..\User\icon\gImage11_240_100_16bitC.c 0x00000000   Number         0  gimage11_240_100_16bitc.o ABSOLUTE
    ..\..\User\icon\gImage12_128_128_1bitC.c 0x00000000   Number         0  gimage12_128_128_1bitc.o ABSOLUTE
    ..\..\User\icon\gImage7_128_128_1bitC.c  0x00000000   Number         0  gimage7_128_128_1bitc.o ABSOLUTE
    ..\..\User\icon\gImage9_128_128_1bitC.c  0x00000000   Number         0  gimage9_128_128_1bitc.o ABSOLUTE
    ..\..\User\lcd\dwgl_WB_LCD.c             0x00000000   Number         0  dwgl_wb_lcd.o ABSOLUTE
    ..\..\User\led\bsp_led.c                 0x00000000   Number         0  bsp_led.o ABSOLUTE
    ..\..\User\main.c                        0x00000000   Number         0  main.o ABSOLUTE
    ..\..\User\spi_flash\PM25LQ512FLASH.c    0x00000000   Number         0  pm25lq512flash.o ABSOLUTE
    ..\..\User\stm32f10x_it.c                0x00000000   Number         0  stm32f10x_it.o ABSOLUTE
    ..\..\User\touch\bsp_gpio_spi.c          0x00000000   Number         0  bsp_gpio_spi.o ABSOLUTE
    ..\\..\\Libraries\\CMSIS\\core_cm3.c     0x00000000   Number         0  core_cm3.o ABSOLUTE
    dc.s                                     0x00000000   Number         0  dc.o ABSOLUTE
    handlers.s                               0x00000000   Number         0  handlers.o ABSOLUTE
    init.s                                   0x00000000   Number         0  init.o ABSOLUTE
    RESET                                    0x08000000   Section      304  startup_stm32f10x_hd.o(RESET)
    .ARM.Collect$$$$00000000                 0x08000130   Section        0  entry.o(.ARM.Collect$$$$00000000)
    .ARM.Collect$$$$00000001                 0x08000130   Section        4  entry2.o(.ARM.Collect$$$$00000001)
    .ARM.Collect$$$$00000004                 0x08000134   Section        4  entry5.o(.ARM.Collect$$$$00000004)
    .ARM.Collect$$$$00000008                 0x08000138   Section        0  entry7b.o(.ARM.Collect$$$$00000008)
    .ARM.Collect$$$$0000000A                 0x08000138   Section        0  entry8b.o(.ARM.Collect$$$$0000000A)
    .ARM.Collect$$$$0000000B                 0x08000138   Section        8  entry9a.o(.ARM.Collect$$$$0000000B)
    .ARM.Collect$$$$0000000D                 0x08000140   Section        0  entry10a.o(.ARM.Collect$$$$0000000D)
    .ARM.Collect$$$$0000000F                 0x08000140   Section        0  entry11a.o(.ARM.Collect$$$$0000000F)
    .ARM.Collect$$$$00002712                 0x08000140   Section        4  entry2.o(.ARM.Collect$$$$00002712)
    __lit__00000000                          0x08000140   Data           4  entry2.o(.ARM.Collect$$$$00002712)
    .text                                    0x08000144   Section       36  startup_stm32f10x_hd.o(.text)
    .text                                    0x08000168   Section       36  init.o(.text)
    .text                                    0x0800018c   Section        0  __dczerorl2.o(.text)
    i.ADC1_2_IRQHandler                      0x080001e4   Section        0  dwgl_adc.o(i.ADC1_2_IRQHandler)
    i.ADC1_Init                              0x080002e4   Section        0  dwgl_adc.o(i.ADC1_Init)
    i.ADC_ClearITPendingBit                  0x08000388   Section        0  stm32f10x_adc.o(i.ADC_ClearITPendingBit)
    i.ADC_Cmd                                0x08000392   Section        0  stm32f10x_adc.o(i.ADC_Cmd)
    i.ADC_Configuration                      0x080003a8   Section        0  dwgl_adc.o(i.ADC_Configuration)
    i.ADC_DeInit                             0x080003d4   Section        0  stm32f10x_adc.o(i.ADC_DeInit)
    i.ADC_GetCalibrationStatus               0x08000430   Section        0  stm32f10x_adc.o(i.ADC_GetCalibrationStatus)
    i.ADC_GetConversionValue                 0x08000444   Section        0  stm32f10x_adc.o(i.ADC_GetConversionValue)
    i.ADC_GetITStatus                        0x0800044c   Section        0  stm32f10x_adc.o(i.ADC_GetITStatus)
    i.ADC_GetResetCalibrationStatus          0x08000470   Section        0  stm32f10x_adc.o(i.ADC_GetResetCalibrationStatus)
    i.ADC_ITConfig                           0x08000484   Section        0  stm32f10x_adc.o(i.ADC_ITConfig)
    i.ADC_Init                               0x0800049c   Section        0  stm32f10x_adc.o(i.ADC_Init)
    i.ADC_RegularChannelConfig               0x080004ec   Section        0  stm32f10x_adc.o(i.ADC_RegularChannelConfig)
    i.ADC_ResetCalibration                   0x080005a4   Section        0  stm32f10x_adc.o(i.ADC_ResetCalibration)
    i.ADC_SoftwareStartConvCmd               0x080005ae   Section        0  stm32f10x_adc.o(i.ADC_SoftwareStartConvCmd)
    i.ADC_StartCalibration                   0x080005c4   Section        0  stm32f10x_adc.o(i.ADC_StartCalibration)
    i.BusFault_Handler                       0x080005ce   Section        0  stm32f10x_it.o(i.BusFault_Handler)
    i.ChargeCtrl_B                           0x080005d4   Section        0  dwgl_function.o(i.ChargeCtrl_B)
    i.ChargeCtrl_C                           0x080006c0   Section        0  dwgl_function.o(i.ChargeCtrl_C)
    i.DMA1_Channel1_IRQHandler               0x080007b4   Section        0  dwgl_dma.o(i.DMA1_Channel1_IRQHandler)
    i.DMA_ClearFlag                          0x080007f4   Section        0  stm32f10x_dma.o(i.DMA_ClearFlag)
    i.DebugMon_Handler                       0x08000810   Section        0  stm32f10x_it.o(i.DebugMon_Handler)
    i.Delay_10ms                             0x08000812   Section        0  dwgl_wb_lcd.o(i.Delay_10ms)
    i.Delay_us                               0x08000834   Section        0  bsp_systick.o(i.Delay_us)
    i.Device_Rst                             0x0800085c   Section        0  dwgl_function.o(i.Device_Rst)
    i.DisplayPROT_EWM                        0x08000884   Section        0  dwgl_function.o(i.DisplayPROT_EWM)
    i.Dport_ChargeOFF                        0x08000968   Section        0  dwgl_function.o(i.Dport_ChargeOFF)
    i.Dport_ChargeON                         0x080009c4   Section        0  dwgl_function.o(i.Dport_ChargeON)
    i.Dport_ChargeStateB                     0x08000a20   Section        0  dwgl_function.o(i.Dport_ChargeStateB)
    i.Dport_ChargeStateC                     0x08000d50   Section        0  dwgl_function.o(i.Dport_ChargeStateC)
    i.EXTI15_10_IRQHandler                   0x08001084   Section        0  dwgl_exti.o(i.EXTI15_10_IRQHandler)
    i.EXTI1_IRQHandler                       0x080010cc   Section        0  dwgl_exti.o(i.EXTI1_IRQHandler)
    i.EXTI4_IRQHandler                       0x08001110   Section        0  stm32f10x_it.o(i.EXTI4_IRQHandler)
    i.EXTI_ClearITPendingBit                 0x0800112c   Section        0  stm32f10x_exti.o(i.EXTI_ClearITPendingBit)
    i.EXTI_GetITStatus                       0x08001138   Section        0  stm32f10x_exti.o(i.EXTI_GetITStatus)
    i.FLASH2_CSSelect                        0x08001160   Section        0  pm25lq512flash.o(i.FLASH2_CSSelect)
    i.FLASH2_GPIOSPI_IsBusy                  0x08001184   Section        0  dwgl_spi.o(i.FLASH2_GPIOSPI_IsBusy)
    i.FLASH2_GPIOSPI_Read                    0x080011c8   Section        0  dwgl_spi.o(i.FLASH2_GPIOSPI_Read)
    i.FLASH2_GPIOSPI_SE                      0x08001240   Section        0  dwgl_spi.o(i.FLASH2_GPIOSPI_SE)
    i.FLASH2_GPIOSPI_SER                     0x080012ac   Section        0  dwgl_spi.o(i.FLASH2_GPIOSPI_SER)
    i.FLASH2_GPIOSPI_Write                   0x08001318   Section        0  dwgl_spi.o(i.FLASH2_GPIOSPI_Write)
    i.GPIOSPI_SR_BYTE                        0x080013a4   Section        0  dwgl_spi.o(i.GPIOSPI_SR_BYTE)
    i.GPIOSPI_Send1_BYTE                     0x08001604   Section        0  dwgl_spi.o(i.GPIOSPI_Send1_BYTE)
    i.GPIOSPI_Send_BYTE                      0x08001778   Section        0  dwgl_spi.o(i.GPIOSPI_Send_BYTE)
    i.GPIO_Init                              0x080018c4   Section        0  stm32f10x_gpio.o(i.GPIO_Init)
    i.GPIO_NegationBits                      0x080019da   Section        0  bsp_led.o(i.GPIO_NegationBits)
    i.GPIO_PinRemapConfig                    0x080019e4   Section        0  stm32f10x_gpio.o(i.GPIO_PinRemapConfig)
    i.GPIO_ReadInputDataBit                  0x08001a74   Section        0  stm32f10x_gpio.o(i.GPIO_ReadInputDataBit)
    i.GPIO_ResetBits                         0x08001a86   Section        0  stm32f10x_gpio.o(i.GPIO_ResetBits)
    i.GPIO_SetBits                           0x08001a8a   Section        0  stm32f10x_gpio.o(i.GPIO_SetBits)
    i.Get_ADC_BaseLine                       0x08001a90   Section        0  dwgl_function.o(i.Get_ADC_BaseLine)
    i.HardFault_Handler                      0x08001ab8   Section        0  stm32f10x_it.o(i.HardFault_Handler)
    i.LCD_Clear                              0x08001abc   Section        0  dwgl_wb_lcd.o(i.LCD_Clear)
    i.LCD_DrawPoint                          0x08001af6   Section        0  dwgl_wb_lcd.o(i.LCD_DrawPoint)
    i.LCD_Fill                               0x08001b12   Section        0  dwgl_wb_lcd.o(i.LCD_Fill)
    i.LCD_Init                               0x08001b64   Section        0  dwgl_wb_lcd.o(i.LCD_Init)
    i.LCD_Init1                              0x08001d68   Section        0  dwgl_wb_lcd.o(i.LCD_Init1)
    i.LCD_SetCursor                          0x08001f68   Section        0  dwgl_wb_lcd.o(i.LCD_SetCursor)
    i.LCD_WE_RAM                             0x08001fac   Section        0  dwgl_wb_lcd.o(i.LCD_WE_RAM)
    i.LCD_WR_REG                             0x08001fe8   Section        0  dwgl_wb_lcd.o(i.LCD_WR_REG)
    i.LCD_WindowMax                          0x08002030   Section        0  dwgl_wb_lcd.o(i.LCD_WindowMax)
    i.LCD_WriteRAM_Prepare                   0x08002084   Section        0  dwgl_wb_lcd.o(i.LCD_WriteRAM_Prepare)
    i.LED_GPIO_Config                        0x08002090   Section        0  bsp_led.o(i.LED_GPIO_Config)
    i.MemManage_Handler                      0x08002188   Section        0  stm32f10x_it.o(i.MemManage_Handler)
    i.NMI_Handler                            0x0800218c   Section        0  stm32f10x_it.o(i.NMI_Handler)
    i.NVIC_Configuration                     0x0800218e   Section        0  dwgl_global.o(i.NVIC_Configuration)
    i.NVIC_Init                              0x0800220c   Section        0  misc.o(i.NVIC_Init)
    i.PendSV_Handler                         0x0800227c   Section        0  stm32f10x_it.o(i.PendSV_Handler)
    i.RCC_ADCCLKConfig                       0x08002280   Section        0  stm32f10x_rcc.o(i.RCC_ADCCLKConfig)
    i.RCC_APB1PeriphClockCmd                 0x08002298   Section        0  stm32f10x_rcc.o(i.RCC_APB1PeriphClockCmd)
    i.RCC_APB2PeriphClockCmd                 0x080022b8   Section        0  stm32f10x_rcc.o(i.RCC_APB2PeriphClockCmd)
    i.RCC_APB2PeriphResetCmd                 0x080022d8   Section        0  stm32f10x_rcc.o(i.RCC_APB2PeriphResetCmd)
    i.RCC_GetClocksFreq                      0x080022f8   Section        0  stm32f10x_rcc.o(i.RCC_GetClocksFreq)
    i.SPI1_IRQHandler                        0x080023cc   Section        0  dwgl_spi.o(i.SPI1_IRQHandler)
    i.SPI2_IRQHandler                        0x0800243c   Section        0  dwgl_spi.o(i.SPI2_IRQHandler)
    i.SPI_I2S_ClearITPendingBit              0x0800243e   Section        0  stm32f10x_spi.o(i.SPI_I2S_ClearITPendingBit)
    i.SPI_I2S_GetITStatus                    0x08002452   Section        0  stm32f10x_spi.o(i.SPI_I2S_GetITStatus)
    i.SVC_Handler                            0x08002486   Section        0  stm32f10x_it.o(i.SVC_Handler)
    i.SetSysClock                            0x08002488   Section        0  system_stm32f10x.o(i.SetSysClock)
    SetSysClock                              0x08002489   Thumb Code     8  system_stm32f10x.o(i.SetSysClock)
    i.SetSysClockTo72                        0x08002490   Section        0  system_stm32f10x.o(i.SetSysClockTo72)
    SetSysClockTo72                          0x08002491   Thumb Code   214  system_stm32f10x.o(i.SetSysClockTo72)
    i.SysTick_Handler                        0x08002570   Section        0  stm32f10x_it.o(i.SysTick_Handler)
    i.SysTick_Init                           0x08002594   Section        0  bsp_systick.o(i.SysTick_Init)
    i.SystemInit                             0x0800260c   Section        0  system_stm32f10x.o(i.SystemInit)
    i.TIM2_IRQHandler                        0x0800266c   Section        0  dwgl_tim.o(i.TIM2_IRQHandler)
    i.TIM3_IRQHandler                        0x08002670   Section        0  dwgl_tim.o(i.TIM3_IRQHandler)
    i.TIM_ClearITPendingBit                  0x080026b0   Section        0  stm32f10x_tim.o(i.TIM_ClearITPendingBit)
    i.TIM_GetITStatus                        0x080026b6   Section        0  stm32f10x_tim.o(i.TIM_GetITStatus)
    i.TimingDelay_Decrement                  0x080026d8   Section        0  bsp_systick.o(i.TimingDelay_Decrement)
    i.UART1_Init                             0x080026f0   Section        0  dwgl_sci.o(i.UART1_Init)
    i.UART1_Send_Data                        0x0800277c   Section        0  dwgl_sci.o(i.UART1_Send_Data)
    i.UART3_Init                             0x080027e4   Section        0  dwgl_sci.o(i.UART3_Init)
    i.UART3_Send_Data                        0x08002880   Section        0  dwgl_sci.o(i.UART3_Send_Data)
    i.UART_Configuration                     0x080028ac   Section        0  dwgl_sci.o(i.UART_Configuration)
    i.USART1_IRQHandler                      0x080028e4   Section        0  dwgl_sci.o(i.USART1_IRQHandler)
    i.USART2_IRQHandler                      0x08002964   Section        0  dwgl_sci.o(i.USART2_IRQHandler)
    i.USART3_IRQHandler                      0x080029d8   Section        0  dwgl_sci.o(i.USART3_IRQHandler)
    i.USART_ClearITPendingBit                0x08002a48   Section        0  stm32f10x_usart.o(i.USART_ClearITPendingBit)
    i.USART_Cmd                              0x08002a66   Section        0  stm32f10x_usart.o(i.USART_Cmd)
    i.USART_GetITStatus                      0x08002a7e   Section        0  stm32f10x_usart.o(i.USART_GetITStatus)
    i.USART_ITConfig                         0x08002ad2   Section        0  stm32f10x_usart.o(i.USART_ITConfig)
    i.USART_Init                             0x08002b1c   Section        0  stm32f10x_usart.o(i.USART_Init)
    i.UsageFault_Handler                     0x08002bf4   Section        0  stm32f10x_it.o(i.UsageFault_Handler)
    i.__scatterload_copy                     0x08002bf8   Section       14  handlers.o(i.__scatterload_copy)
    i.__scatterload_null                     0x08002c06   Section        2  handlers.o(i.__scatterload_null)
    i.__scatterload_zeroinit                 0x08002c08   Section       14  handlers.o(i.__scatterload_zeroinit)
    i.cmd3_Get_State                         0x08002c18   Section        0  dwgl_function.o(i.cmd3_Get_State)
    i.cmd3_Set_State                         0x08002cdc   Section        0  dwgl_function.o(i.cmd3_Set_State)
    i.cmd3_ShakeHands                        0x08002e9c   Section        0  dwgl_function.o(i.cmd3_ShakeHands)
    i.cmd_Device_Check                       0x08002f54   Section        0  dwgl_function.o(i.cmd_Device_Check)
    i.cmd_Device_num                         0x080030b8   Section        0  dwgl_function.o(i.cmd_Device_num)
    i.cmd_Erase_Flash                        0x0800320c   Section        0  dwgl_function.o(i.cmd_Erase_Flash)
    i.cmd_File_Erase                         0x08003210   Section        0  dwgl_function.o(i.cmd_File_Erase)
    i.cmd_File_Recall                        0x080033c8   Section        0  dwgl_function.o(i.cmd_File_Recall)
    i.cmd_File_Requst                        0x08003964   Section        0  dwgl_function.o(i.cmd_File_Requst)
    i.cmd_File_Tx                            0x080044c4   Section        0  dwgl_function.o(i.cmd_File_Tx)
    i.cmd_Get_ADC                            0x0800467c   Section        0  dwgl_function.o(i.cmd_Get_ADC)
    i.cmd_Port_Info                          0x080046ec   Section        0  dwgl_function.o(i.cmd_Port_Info)
    i.cmd_Power_off                          0x08004870   Section        0  dwgl_function.o(i.cmd_Power_off)
    i.cmd_Power_on                           0x080049cc   Section        0  dwgl_function.o(i.cmd_Power_on)
    i.cmd_Read_Flash                         0x08004be8   Section        0  dwgl_function.o(i.cmd_Read_Flash)
    i.cmd_Save_ADC                           0x08004c58   Section        0  dwgl_function.o(i.cmd_Save_ADC)
    i.cmd_ShakeHands                         0x08004d64   Section        0  dwgl_function.o(i.cmd_ShakeHands)
    i.cmd_Write_Flash                        0x08004de8   Section        0  dwgl_function.o(i.cmd_Write_Flash)
    i.delay_cycle                            0x08004ee4   Section        0  pm25lq512flash.o(i.delay_cycle)
    i.display_flash_BMP                      0x08004ef4   Section        0  dwgl_function.o(i.display_flash_BMP)
    i.main                                   0x080051c0   Section        0  main.o(i.main)
    i.tft_16bitdeep_BMP                      0x08005bc0   Section        0  dwgl_tft.o(i.tft_16bitdeep_BMP)
    i.tft_1bitdeep_BMP                       0x08005c84   Section        0  dwgl_tft.o(i.tft_1bitdeep_BMP)
    i.tft_1bitdeep_TXT                       0x08005e30   Section        0  dwgl_tft.o(i.tft_1bitdeep_TXT)
    i.tft_Clear                              0x08006060   Section        0  dwgl_tft.o(i.tft_Clear)
    i.tft_DisplayStr                         0x08006098   Section        0  dwgl_tft.o(i.tft_DisplayStr)
    i.tft_ShowCharE                          0x08006110   Section        0  dwgl_tft.o(i.tft_ShowCharE)
    i.tft_ShowHzE                            0x080061a4   Section        0  dwgl_tft.o(i.tft_ShowHzE)
    i.tft_cs_disable                         0x0800626c   Section        0  dwgl_tft.o(i.tft_cs_disable)
    i.tft_cs_enable                          0x0800629c   Section        0  dwgl_tft.o(i.tft_cs_enable)
    i.uart1_cmd                              0x080062cc   Section        0  main.o(i.uart1_cmd)
    i.uart3_cmd                              0x08006518   Section        0  main.o(i.uart3_cmd)
    .constdata                               0x08006644   Section      640  gimage10_16_288_1bitc.o(.constdata)
    .constdata                               0x080068c4   Section    48066  gimage11_240_100_16bitc.o(.constdata)
    .constdata                               0x08012486   Section     1520  asciilib_65k.o(.constdata)
    .constdata                               0x08012a76   Section     2110  gimage12_128_128_1bitc.o(.constdata)
    .constdata                               0x080132b4   Section    216576  hzlib_65k.o(.constdata)
    .data                                    0x20000000   Section       20  system_stm32f10x.o(.data)
    .data                                    0x20000014   Section       20  stm32f10x_rcc.o(.data)
    APBAHBPrescTable                         0x20000014   Data          16  stm32f10x_rcc.o(.data)
    ADCPrescTable                            0x20000024   Data           4  stm32f10x_rcc.o(.data)
    .data                                    0x20000028   Section        4  bsp_systick.o(.data)
    TimingDelay                              0x20000028   Data           4  bsp_systick.o(.data)
    .data                                    0x2000002c   Section      246  dwgl_global.o(.data)
    .data                                    0x20000124   Section       24  dwgl_adc.o(.data)
    .data                                    0x2000013c   Section       24  dwgl_dma.o(.data)
    .data                                    0x20000154   Section       22  dwgl_tim.o(.data)
    .data                                    0x2000016c   Section       16  dwgl_exti.o(.data)
    .data                                    0x2000017c   Section       59  dwgl_sci.o(.data)
    .data                                    0x200001b8   Section        4  pm25lq512flash.o(.data)
    .data                                    0x200001bc   Section       39  dwgl_spi.o(.data)
    .data                                    0x200001e4   Section       56  dwgl_tft.o(.data)
    .bss                                     0x2000021c   Section    10748  dwgl_global.o(.bss)
    STACK                                    0x20002c18   Section     1024  startup_stm32f10x_hd.o(STACK)

    Global Symbols

    Symbol Name                              Value     Ov Type        Size  Object(Section)

    BuildAttributes$$THM_ISAv4$P$D$K$B$S$PE$A:L22UL41UL21$X:L11$S22US41US21$IEEE1$IW$USESV6$~STKCKD$USESV7$~SHL$OSPACE$EBA8$MICROLIB$REQ8$PRES8$EABIv2 0x00000000   Number         0  anon$$obj.o ABSOLUTE
    __ARM_use_no_argv                        0x00000000   Number         0  main.o ABSOLUTE
    __cpp_initialize__aeabi_                  - Undefined Weak Reference
    __cxa_finalize                            - Undefined Weak Reference
    _clock_init                               - Undefined Weak Reference
    _microlib_exit                            - Undefined Weak Reference
    __Vectors_Size                           0x00000130   Number         0  startup_stm32f10x_hd.o ABSOLUTE
    __Vectors                                0x08000000   Data           4  startup_stm32f10x_hd.o(RESET)
    __Vectors_End                            0x08000130   Data           0  startup_stm32f10x_hd.o(RESET)
    __main                                   0x08000131   Thumb Code     0  entry.o(.ARM.Collect$$$$00000000)
    _main_stk                                0x08000131   Thumb Code     0  entry2.o(.ARM.Collect$$$$00000001)
    _main_scatterload                        0x08000135   Thumb Code     0  entry5.o(.ARM.Collect$$$$00000004)
    __main_after_scatterload                 0x08000139   Thumb Code     0  entry5.o(.ARM.Collect$$$$00000004)
    _main_clock                              0x08000139   Thumb Code     0  entry7b.o(.ARM.Collect$$$$00000008)
    _main_cpp_init                           0x08000139   Thumb Code     0  entry8b.o(.ARM.Collect$$$$0000000A)
    _main_init                               0x08000139   Thumb Code     0  entry9a.o(.ARM.Collect$$$$0000000B)
    __rt_final_cpp                           0x08000141   Thumb Code     0  entry10a.o(.ARM.Collect$$$$0000000D)
    __rt_final_exit                          0x08000141   Thumb Code     0  entry11a.o(.ARM.Collect$$$$0000000F)
    Reset_Handler                            0x08000145   Thumb Code     8  startup_stm32f10x_hd.o(.text)
    ADC3_IRQHandler                          0x0800015f   Thumb Code     0  startup_stm32f10x_hd.o(.text)
    CAN1_RX1_IRQHandler                      0x0800015f   Thumb Code     0  startup_stm32f10x_hd.o(.text)
    CAN1_SCE_IRQHandler                      0x0800015f   Thumb Code     0  startup_stm32f10x_hd.o(.text)
    DMA1_Channel2_IRQHandler                 0x0800015f   Thumb Code     0  startup_stm32f10x_hd.o(.text)
    DMA1_Channel3_IRQHandler                 0x0800015f   Thumb Code     0  startup_stm32f10x_hd.o(.text)
    DMA1_Channel4_IRQHandler                 0x0800015f   Thumb Code     0  startup_stm32f10x_hd.o(.text)
    DMA1_Channel5_IRQHandler                 0x0800015f   Thumb Code     0  startup_stm32f10x_hd.o(.text)
    DMA1_Channel6_IRQHandler                 0x0800015f   Thumb Code     0  startup_stm32f10x_hd.o(.text)
    DMA1_Channel7_IRQHandler                 0x0800015f   Thumb Code     0  startup_stm32f10x_hd.o(.text)
    DMA2_Channel1_IRQHandler                 0x0800015f   Thumb Code     0  startup_stm32f10x_hd.o(.text)
    DMA2_Channel2_IRQHandler                 0x0800015f   Thumb Code     0  startup_stm32f10x_hd.o(.text)
    DMA2_Channel3_IRQHandler                 0x0800015f   Thumb Code     0  startup_stm32f10x_hd.o(.text)
    DMA2_Channel4_5_IRQHandler               0x0800015f   Thumb Code     0  startup_stm32f10x_hd.o(.text)
    EXTI0_IRQHandler                         0x0800015f   Thumb Code     0  startup_stm32f10x_hd.o(.text)
    EXTI2_IRQHandler                         0x0800015f   Thumb Code     0  startup_stm32f10x_hd.o(.text)
    EXTI3_IRQHandler                         0x0800015f   Thumb Code     0  startup_stm32f10x_hd.o(.text)
    EXTI9_5_IRQHandler                       0x0800015f   Thumb Code     0  startup_stm32f10x_hd.o(.text)
    FLASH_IRQHandler                         0x0800015f   Thumb Code     0  startup_stm32f10x_hd.o(.text)
    FSMC_IRQHandler                          0x0800015f   Thumb Code     0  startup_stm32f10x_hd.o(.text)
    I2C1_ER_IRQHandler                       0x0800015f   Thumb Code     0  startup_stm32f10x_hd.o(.text)
    I2C1_EV_IRQHandler                       0x0800015f   Thumb Code     0  startup_stm32f10x_hd.o(.text)
    I2C2_ER_IRQHandler                       0x0800015f   Thumb Code     0  startup_stm32f10x_hd.o(.text)
    I2C2_EV_IRQHandler                       0x0800015f   Thumb Code     0  startup_stm32f10x_hd.o(.text)
    PVD_IRQHandler                           0x0800015f   Thumb Code     0  startup_stm32f10x_hd.o(.text)
    RCC_IRQHandler                           0x0800015f   Thumb Code     0  startup_stm32f10x_hd.o(.text)
    RTCAlarm_IRQHandler                      0x0800015f   Thumb Code     0  startup_stm32f10x_hd.o(.text)
    RTC_IRQHandler                           0x0800015f   Thumb Code     0  startup_stm32f10x_hd.o(.text)
    SDIO_IRQHandler                          0x0800015f   Thumb Code     0  startup_stm32f10x_hd.o(.text)
    SPI3_IRQHandler                          0x0800015f   Thumb Code     0  startup_stm32f10x_hd.o(.text)
    TAMPER_IRQHandler                        0x0800015f   Thumb Code     0  startup_stm32f10x_hd.o(.text)
    TIM1_BRK_IRQHandler                      0x0800015f   Thumb Code     0  startup_stm32f10x_hd.o(.text)
    TIM1_CC_IRQHandler                       0x0800015f   Thumb Code     0  startup_stm32f10x_hd.o(.text)
    TIM1_TRG_COM_IRQHandler                  0x0800015f   Thumb Code     0  startup_stm32f10x_hd.o(.text)
    TIM1_UP_IRQHandler                       0x0800015f   Thumb Code     0  startup_stm32f10x_hd.o(.text)
    TIM4_IRQHandler                          0x0800015f   Thumb Code     0  startup_stm32f10x_hd.o(.text)
    TIM5_IRQHandler                          0x0800015f   Thumb Code     0  startup_stm32f10x_hd.o(.text)
    TIM6_IRQHandler                          0x0800015f   Thumb Code     0  startup_stm32f10x_hd.o(.text)
    TIM7_IRQHandler                          0x0800015f   Thumb Code     0  startup_stm32f10x_hd.o(.text)
    TIM8_BRK_IRQHandler                      0x0800015f   Thumb Code     0  startup_stm32f10x_hd.o(.text)
    TIM8_CC_IRQHandler                       0x0800015f   Thumb Code     0  startup_stm32f10x_hd.o(.text)
    TIM8_TRG_COM_IRQHandler                  0x0800015f   Thumb Code     0  startup_stm32f10x_hd.o(.text)
    TIM8_UP_IRQHandler                       0x0800015f   Thumb Code     0  startup_stm32f10x_hd.o(.text)
    UART4_IRQHandler                         0x0800015f   Thumb Code     0  startup_stm32f10x_hd.o(.text)
    UART5_IRQHandler                         0x0800015f   Thumb Code     0  startup_stm32f10x_hd.o(.text)
    USBWakeUp_IRQHandler                     0x0800015f   Thumb Code     0  startup_stm32f10x_hd.o(.text)
    USB_HP_CAN1_TX_IRQHandler                0x0800015f   Thumb Code     0  startup_stm32f10x_hd.o(.text)
    USB_LP_CAN1_RX0_IRQHandler               0x0800015f   Thumb Code     0  startup_stm32f10x_hd.o(.text)
    WWDG_IRQHandler                          0x0800015f   Thumb Code     0  startup_stm32f10x_hd.o(.text)
    __scatterload                            0x08000169   Thumb Code    28  init.o(.text)
    __scatterload_rt2                        0x08000169   Thumb Code     0  init.o(.text)
    __decompress                             0x0800018d   Thumb Code     0  __dczerorl2.o(.text)
    __decompress1                            0x0800018d   Thumb Code    86  __dczerorl2.o(.text)
    ADC1_2_IRQHandler                        0x080001e5   Thumb Code   218  dwgl_adc.o(i.ADC1_2_IRQHandler)
    ADC1_Init                                0x080002e5   Thumb Code   154  dwgl_adc.o(i.ADC1_Init)
    ADC_ClearITPendingBit                    0x08000389   Thumb Code    10  stm32f10x_adc.o(i.ADC_ClearITPendingBit)
    ADC_Cmd                                  0x08000393   Thumb Code    22  stm32f10x_adc.o(i.ADC_Cmd)
    ADC_Configuration                        0x080003a9   Thumb Code    28  dwgl_adc.o(i.ADC_Configuration)
    ADC_DeInit                               0x080003d5   Thumb Code    78  stm32f10x_adc.o(i.ADC_DeInit)
    ADC_GetCalibrationStatus                 0x08000431   Thumb Code    20  stm32f10x_adc.o(i.ADC_GetCalibrationStatus)
    ADC_GetConversionValue                   0x08000445   Thumb Code     8  stm32f10x_adc.o(i.ADC_GetConversionValue)
    ADC_GetITStatus                          0x0800044d   Thumb Code    36  stm32f10x_adc.o(i.ADC_GetITStatus)
    ADC_GetResetCalibrationStatus            0x08000471   Thumb Code    20  stm32f10x_adc.o(i.ADC_GetResetCalibrationStatus)
    ADC_ITConfig                             0x08000485   Thumb Code    24  stm32f10x_adc.o(i.ADC_ITConfig)
    ADC_Init                                 0x0800049d   Thumb Code    70  stm32f10x_adc.o(i.ADC_Init)
    ADC_RegularChannelConfig                 0x080004ed   Thumb Code   184  stm32f10x_adc.o(i.ADC_RegularChannelConfig)
    ADC_ResetCalibration                     0x080005a5   Thumb Code    10  stm32f10x_adc.o(i.ADC_ResetCalibration)
    ADC_SoftwareStartConvCmd                 0x080005af   Thumb Code    22  stm32f10x_adc.o(i.ADC_SoftwareStartConvCmd)
    ADC_StartCalibration                     0x080005c5   Thumb Code    10  stm32f10x_adc.o(i.ADC_StartCalibration)
    BusFault_Handler                         0x080005cf   Thumb Code     4  stm32f10x_it.o(i.BusFault_Handler)
    ChargeCtrl_B                             0x080005d5   Thumb Code   218  dwgl_function.o(i.ChargeCtrl_B)
    ChargeCtrl_C                             0x080006c1   Thumb Code   232  dwgl_function.o(i.ChargeCtrl_C)
    DMA1_Channel1_IRQHandler                 0x080007b5   Thumb Code    48  dwgl_dma.o(i.DMA1_Channel1_IRQHandler)
    DMA_ClearFlag                            0x080007f5   Thumb Code    18  stm32f10x_dma.o(i.DMA_ClearFlag)
    DebugMon_Handler                         0x08000811   Thumb Code     2  stm32f10x_it.o(i.DebugMon_Handler)
    Delay_10ms                               0x08000813   Thumb Code    32  dwgl_wb_lcd.o(i.Delay_10ms)
    Delay_us                                 0x08000835   Thumb Code    36  bsp_systick.o(i.Delay_us)
    Device_Rst                               0x0800085d   Thumb Code    30  dwgl_function.o(i.Device_Rst)
    DisplayPROT_EWM                          0x08000885   Thumb Code   224  dwgl_function.o(i.DisplayPROT_EWM)
    Dport_ChargeOFF                          0x08000969   Thumb Code    88  dwgl_function.o(i.Dport_ChargeOFF)
    Dport_ChargeON                           0x080009c5   Thumb Code    88  dwgl_function.o(i.Dport_ChargeON)
    Dport_ChargeStateB                       0x08000a21   Thumb Code   786  dwgl_function.o(i.Dport_ChargeStateB)
    Dport_ChargeStateC                       0x08000d51   Thumb Code   790  dwgl_function.o(i.Dport_ChargeStateC)
    EXTI15_10_IRQHandler                     0x08001085   Thumb Code    62  dwgl_exti.o(i.EXTI15_10_IRQHandler)
    EXTI1_IRQHandler                         0x080010cd   Thumb Code    58  dwgl_exti.o(i.EXTI1_IRQHandler)
    EXTI4_IRQHandler                         0x08001111   Thumb Code    24  stm32f10x_it.o(i.EXTI4_IRQHandler)
    EXTI_ClearITPendingBit                   0x0800112d   Thumb Code     6  stm32f10x_exti.o(i.EXTI_ClearITPendingBit)
    EXTI_GetITStatus                         0x08001139   Thumb Code    34  stm32f10x_exti.o(i.EXTI_GetITStatus)
    FLASH2_CSSelect                          0x08001161   Thumb Code    30  pm25lq512flash.o(i.FLASH2_CSSelect)
    FLASH2_GPIOSPI_IsBusy                    0x08001185   Thumb Code    62  dwgl_spi.o(i.FLASH2_GPIOSPI_IsBusy)
    FLASH2_GPIOSPI_Read                      0x080011c9   Thumb Code   112  dwgl_spi.o(i.FLASH2_GPIOSPI_Read)
    FLASH2_GPIOSPI_SE                        0x08001241   Thumb Code   104  dwgl_spi.o(i.FLASH2_GPIOSPI_SE)
    FLASH2_GPIOSPI_SER                       0x080012ad   Thumb Code   104  dwgl_spi.o(i.FLASH2_GPIOSPI_SER)
    FLASH2_GPIOSPI_Write                     0x08001319   Thumb Code   136  dwgl_spi.o(i.FLASH2_GPIOSPI_Write)
    GPIOSPI_SR_BYTE                          0x080013a5   Thumb Code   604  dwgl_spi.o(i.GPIOSPI_SR_BYTE)
    GPIOSPI_Send1_BYTE                       0x08001605   Thumb Code   366  dwgl_spi.o(i.GPIOSPI_Send1_BYTE)
    GPIOSPI_Send_BYTE                        0x08001779   Thumb Code   326  dwgl_spi.o(i.GPIOSPI_Send_BYTE)
    GPIO_Init                                0x080018c5   Thumb Code   278  stm32f10x_gpio.o(i.GPIO_Init)
    GPIO_NegationBits                        0x080019db   Thumb Code     8  bsp_led.o(i.GPIO_NegationBits)
    GPIO_PinRemapConfig                      0x080019e5   Thumb Code   138  stm32f10x_gpio.o(i.GPIO_PinRemapConfig)
    GPIO_ReadInputDataBit                    0x08001a75   Thumb Code    18  stm32f10x_gpio.o(i.GPIO_ReadInputDataBit)
    GPIO_ResetBits                           0x08001a87   Thumb Code     4  stm32f10x_gpio.o(i.GPIO_ResetBits)
    GPIO_SetBits                             0x08001a8b   Thumb Code     4  stm32f10x_gpio.o(i.GPIO_SetBits)
    Get_ADC_BaseLine                         0x08001a91   Thumb Code    32  dwgl_function.o(i.Get_ADC_BaseLine)
    HardFault_Handler                        0x08001ab9   Thumb Code     4  stm32f10x_it.o(i.HardFault_Handler)
    LCD_Clear                                0x08001abd   Thumb Code    58  dwgl_wb_lcd.o(i.LCD_Clear)
    LCD_DrawPoint                            0x08001af7   Thumb Code    28  dwgl_wb_lcd.o(i.LCD_DrawPoint)
    LCD_Fill                                 0x08001b13   Thumb Code    80  dwgl_wb_lcd.o(i.LCD_Fill)
    LCD_Init                                 0x08001b65   Thumb Code   504  dwgl_wb_lcd.o(i.LCD_Init)
    LCD_Init1                                0x08001d69   Thumb Code   500  dwgl_wb_lcd.o(i.LCD_Init1)
    LCD_SetCursor                            0x08001f69   Thumb Code    68  dwgl_wb_lcd.o(i.LCD_SetCursor)
    LCD_WE_RAM                               0x08001fad   Thumb Code    50  dwgl_wb_lcd.o(i.LCD_WE_RAM)
    LCD_WR_REG                               0x08001fe9   Thumb Code    62  dwgl_wb_lcd.o(i.LCD_WR_REG)
    LCD_WindowMax                            0x08002031   Thumb Code    84  dwgl_wb_lcd.o(i.LCD_WindowMax)
    LCD_WriteRAM_Prepare                     0x08002085   Thumb Code    10  dwgl_wb_lcd.o(i.LCD_WriteRAM_Prepare)
    LED_GPIO_Config                          0x08002091   Thumb Code   226  bsp_led.o(i.LED_GPIO_Config)
    MemManage_Handler                        0x08002189   Thumb Code     4  stm32f10x_it.o(i.MemManage_Handler)
    NMI_Handler                              0x0800218d   Thumb Code     2  stm32f10x_it.o(i.NMI_Handler)
    NVIC_Configuration                       0x0800218f   Thumb Code   124  dwgl_global.o(i.NVIC_Configuration)
    NVIC_Init                                0x0800220d   Thumb Code   100  misc.o(i.NVIC_Init)
    PendSV_Handler                           0x0800227d   Thumb Code     2  stm32f10x_it.o(i.PendSV_Handler)
    RCC_ADCCLKConfig                         0x08002281   Thumb Code    18  stm32f10x_rcc.o(i.RCC_ADCCLKConfig)
    RCC_APB1PeriphClockCmd                   0x08002299   Thumb Code    26  stm32f10x_rcc.o(i.RCC_APB1PeriphClockCmd)
    RCC_APB2PeriphClockCmd                   0x080022b9   Thumb Code    26  stm32f10x_rcc.o(i.RCC_APB2PeriphClockCmd)
    RCC_APB2PeriphResetCmd                   0x080022d9   Thumb Code    26  stm32f10x_rcc.o(i.RCC_APB2PeriphResetCmd)
    RCC_GetClocksFreq                        0x080022f9   Thumb Code   192  stm32f10x_rcc.o(i.RCC_GetClocksFreq)
    SPI1_IRQHandler                          0x080023cd   Thumb Code    86  dwgl_spi.o(i.SPI1_IRQHandler)
    SPI2_IRQHandler                          0x0800243d   Thumb Code     2  dwgl_spi.o(i.SPI2_IRQHandler)
    SPI_I2S_ClearITPendingBit                0x0800243f   Thumb Code    20  stm32f10x_spi.o(i.SPI_I2S_ClearITPendingBit)
    SPI_I2S_GetITStatus                      0x08002453   Thumb Code    52  stm32f10x_spi.o(i.SPI_I2S_GetITStatus)
    SVC_Handler                              0x08002487   Thumb Code     2  stm32f10x_it.o(i.SVC_Handler)
    SysTick_Handler                          0x08002571   Thumb Code    28  stm32f10x_it.o(i.SysTick_Handler)
    SysTick_Init                             0x08002595   Thumb Code   108  bsp_systick.o(i.SysTick_Init)
    SystemInit                               0x0800260d   Thumb Code    78  system_stm32f10x.o(i.SystemInit)
    TIM2_IRQHandler                          0x0800266d   Thumb Code     2  dwgl_tim.o(i.TIM2_IRQHandler)
    TIM3_IRQHandler                          0x08002671   Thumb Code    48  dwgl_tim.o(i.TIM3_IRQHandler)
    TIM_ClearITPendingBit                    0x080026b1   Thumb Code     6  stm32f10x_tim.o(i.TIM_ClearITPendingBit)
    TIM_GetITStatus                          0x080026b7   Thumb Code    34  stm32f10x_tim.o(i.TIM_GetITStatus)
    TimingDelay_Decrement                    0x080026d9   Thumb Code    18  bsp_systick.o(i.TimingDelay_Decrement)
    UART1_Init                               0x080026f1   Thumb Code   130  dwgl_sci.o(i.UART1_Init)
    UART1_Send_Data                          0x0800277d   Thumb Code    86  dwgl_sci.o(i.UART1_Send_Data)
    UART3_Init                               0x080027e5   Thumb Code   148  dwgl_sci.o(i.UART3_Init)
    UART3_Send_Data                          0x08002881   Thumb Code    40  dwgl_sci.o(i.UART3_Send_Data)
    UART_Configuration                       0x080028ad   Thumb Code    30  dwgl_sci.o(i.UART_Configuration)
    USART1_IRQHandler                        0x080028e5   Thumb Code   102  dwgl_sci.o(i.USART1_IRQHandler)
    USART2_IRQHandler                        0x08002965   Thumb Code    94  dwgl_sci.o(i.USART2_IRQHandler)
    USART3_IRQHandler                        0x080029d9   Thumb Code    92  dwgl_sci.o(i.USART3_IRQHandler)
    USART_ClearITPendingBit                  0x08002a49   Thumb Code    30  stm32f10x_usart.o(i.USART_ClearITPendingBit)
    USART_Cmd                                0x08002a67   Thumb Code    24  stm32f10x_usart.o(i.USART_Cmd)
    USART_GetITStatus                        0x08002a7f   Thumb Code    84  stm32f10x_usart.o(i.USART_GetITStatus)
    USART_ITConfig                           0x08002ad3   Thumb Code    74  stm32f10x_usart.o(i.USART_ITConfig)
    USART_Init                               0x08002b1d   Thumb Code   210  stm32f10x_usart.o(i.USART_Init)
    UsageFault_Handler                       0x08002bf5   Thumb Code     4  stm32f10x_it.o(i.UsageFault_Handler)
    __scatterload_copy                       0x08002bf9   Thumb Code    14  handlers.o(i.__scatterload_copy)
    __scatterload_null                       0x08002c07   Thumb Code     2  handlers.o(i.__scatterload_null)
    __scatterload_zeroinit                   0x08002c09   Thumb Code    14  handlers.o(i.__scatterload_zeroinit)
    cmd3_Get_State                           0x08002c19   Thumb Code   180  dwgl_function.o(i.cmd3_Get_State)
    cmd3_Set_State                           0x08002cdd   Thumb Code   414  dwgl_function.o(i.cmd3_Set_State)
    cmd3_ShakeHands                          0x08002e9d   Thumb Code   152  dwgl_function.o(i.cmd3_ShakeHands)
    cmd_Device_Check                         0x08002f55   Thumb Code   336  dwgl_function.o(i.cmd_Device_Check)
    cmd_Device_num                           0x080030b9   Thumb Code   316  dwgl_function.o(i.cmd_Device_num)
    cmd_Erase_Flash                          0x0800320d   Thumb Code     2  dwgl_function.o(i.cmd_Erase_Flash)
    cmd_File_Erase                           0x08003211   Thumb Code   410  dwgl_function.o(i.cmd_File_Erase)
    cmd_File_Recall                          0x080033c9   Thumb Code  1416  dwgl_function.o(i.cmd_File_Recall)
    cmd_File_Requst                          0x08003965   Thumb Code  2868  dwgl_function.o(i.cmd_File_Requst)
    cmd_File_Tx                              0x080044c5   Thumb Code   408  dwgl_function.o(i.cmd_File_Tx)
    cmd_Get_ADC                              0x0800467d   Thumb Code   100  dwgl_function.o(i.cmd_Get_ADC)
    cmd_Port_Info                            0x080046ed   Thumb Code   354  dwgl_function.o(i.cmd_Port_Info)
    cmd_Power_off                            0x08004871   Thumb Code   316  dwgl_function.o(i.cmd_Power_off)
    cmd_Power_on                             0x080049cd   Thumb Code   506  dwgl_function.o(i.cmd_Power_on)
    cmd_Read_Flash                           0x08004be9   Thumb Code   100  dwgl_function.o(i.cmd_Read_Flash)
    cmd_Save_ADC                             0x08004c59   Thumb Code   238  dwgl_function.o(i.cmd_Save_ADC)
    cmd_ShakeHands                           0x08004d65   Thumb Code   116  dwgl_function.o(i.cmd_ShakeHands)
    cmd_Write_Flash                          0x08004de9   Thumb Code   232  dwgl_function.o(i.cmd_Write_Flash)
    delay_cycle                              0x08004ee5   Thumb Code    14  pm25lq512flash.o(i.delay_cycle)
    display_flash_BMP                        0x08004ef5   Thumb Code   704  dwgl_function.o(i.display_flash_BMP)
    main                                     0x080051c1   Thumb Code  2506  main.o(i.main)
    tft_16bitdeep_BMP                        0x08005bc1   Thumb Code   190  dwgl_tft.o(i.tft_16bitdeep_BMP)
    tft_1bitdeep_BMP                         0x08005c85   Thumb Code   422  dwgl_tft.o(i.tft_1bitdeep_BMP)
    tft_1bitdeep_TXT                         0x08005e31   Thumb Code   554  dwgl_tft.o(i.tft_1bitdeep_TXT)
    tft_Clear                                0x08006061   Thumb Code    56  dwgl_tft.o(i.tft_Clear)
    tft_DisplayStr                           0x08006099   Thumb Code   118  dwgl_tft.o(i.tft_DisplayStr)
    tft_ShowCharE                            0x08006111   Thumb Code   142  dwgl_tft.o(i.tft_ShowCharE)
    tft_ShowHzE                              0x080061a5   Thumb Code   194  dwgl_tft.o(i.tft_ShowHzE)
    tft_cs_disable                           0x0800626d   Thumb Code    38  dwgl_tft.o(i.tft_cs_disable)
    tft_cs_enable                            0x0800629d   Thumb Code    38  dwgl_tft.o(i.tft_cs_enable)
    uart1_cmd                                0x080062cd   Thumb Code   550  main.o(i.uart1_cmd)
    uart3_cmd                                0x08006519   Thumb Code   274  main.o(i.uart3_cmd)
    gImage10_16_288_1bitC                    0x08006644   Data         640  gimage10_16_288_1bitc.o(.constdata)
    gImage11_240_100_16bitC                  0x080068c4   Data       48066  gimage11_240_100_16bitc.o(.constdata)
    AsciiLib                                 0x08012486   Data        1520  asciilib_65k.o(.constdata)
    gImage12_128_128_1bitC                   0x08012a76   Data        2110  gimage12_128_128_1bitc.o(.constdata)
    HzLib                                    0x080132b4   Data       216576  hzlib_65k.o(.constdata)
    Region$$Table$$Base                      0x080480b4   Number         0  anon$$obj.o(Region$$Table)
    Region$$Table$$Limit                     0x080480d4   Number         0  anon$$obj.o(Region$$Table)
    SystemCoreClock                          0x20000000   Data           4  system_stm32f10x.o(.data)
    AHBPrescTable                            0x20000004   Data          16  system_stm32f10x.o(.data)
    time_sys                                 0x2000002c   Data           4  dwgl_global.o(.data)
    step                                     0x20000030   Data           2  dwgl_global.o(.data)
    time_s                                   0x20000032   Data           2  dwgl_global.o(.data)
    testcmd1_time                            0x20000034   Data           2  dwgl_global.o(.data)
    testcmd3_time                            0x20000036   Data           2  dwgl_global.o(.data)
    time_s_temp                              0x20000038   Data           4  dwgl_global.o(.data)
    time_sys_temp1                           0x2000003c   Data           4  dwgl_global.o(.data)
    time_sys_temp2                           0x20000040   Data           4  dwgl_global.o(.data)
    time_sys_temp3                           0x20000044   Data           4  dwgl_global.o(.data)
    time_sys_temp4                           0x20000048   Data           4  dwgl_global.o(.data)
    time_sys_temp5                           0x2000004c   Data           4  dwgl_global.o(.data)
    global_u8temp                            0x20000050   Data           1  dwgl_global.o(.data)
    global_u16temp                           0x20000052   Data           2  dwgl_global.o(.data)
    global_u16p                              0x20000054   Data           4  dwgl_global.o(.data)
    touch_flag                               0x20000058   Data           1  dwgl_global.o(.data)
    time_uart1                               0x2000005c   Data           4  dwgl_global.o(.data)
    time_uart3                               0x20000060   Data           4  dwgl_global.o(.data)
    Uport_PowerSetTime                       0x20000064   Data           4  dwgl_global.o(.data)
    Uport_PowerUseTime                       0x20000068   Data           4  dwgl_global.o(.data)
    Dport_State                              0x2000006c   Data           6  dwgl_global.o(.data)
    checking_portB                           0x20000072   Data           1  dwgl_global.o(.data)
    checking_portC                           0x20000073   Data           1  dwgl_global.o(.data)
    LOW_portB                                0x20000074   Data           1  dwgl_global.o(.data)
    LOW_portC                                0x20000075   Data           1  dwgl_global.o(.data)
    file_addr                                0x20000078   Data           4  dwgl_global.o(.data)
    Rfile_addr                               0x2000007c   Data           4  dwgl_global.o(.data)
    file_hook                                0x20000080   Data           1  dwgl_global.o(.data)
    file_wr                                  0x20000081   Data           1  dwgl_global.o(.data)
    NextFileAddr                             0x20000084   Data           4  dwgl_global.o(.data)
    check_time                               0x20000088   Data           4  dwgl_global.o(.data)
    UART1_RXBUFFE_HEAD                       0x2000008c   Data           2  dwgl_global.o(.data)
    UART1_RXBUFFE_LAST                       0x2000008e   Data           2  dwgl_global.o(.data)
    UART3_RXBUFFE_HEAD                       0x20000090   Data           2  dwgl_global.o(.data)
    UART3_RXBUFFE_LAST                       0x20000092   Data           2  dwgl_global.o(.data)
    AINx_ADCch                               0x20000094   Data          18  dwgl_global.o(.data)
    SF_REG                                   0x200000a6   Data           1  dwgl_global.o(.data)
    GAIN_REG                                 0x200000a7   Data           1  dwgl_global.o(.data)
    Sine12bit                                0x200000a8   Data          64  dwgl_global.o(.data)
    co_x                                     0x200000e8   Data          20  dwgl_global.o(.data)
    co_y                                     0x200000fc   Data          20  dwgl_global.o(.data)
    xy_3                                     0x20000110   Data          18  dwgl_global.o(.data)
    ADC1_Pointer                             0x20000124   Data           4  dwgl_adc.o(.data)
    ADC1_BufSize                             0x20000128   Data           2  dwgl_adc.o(.data)
    ADC1_Length                              0x2000012a   Data           2  dwgl_adc.o(.data)
    ADC1_State                               0x2000012c   Data           1  dwgl_adc.o(.data)
    ADC1_Error                               0x2000012d   Data           1  dwgl_adc.o(.data)
    ADC1_Buffer                              0x2000012e   Data           2  dwgl_adc.o(.data)
    ADC2_Pointer                             0x20000130   Data           4  dwgl_adc.o(.data)
    ADC2_BufSize                             0x20000134   Data           2  dwgl_adc.o(.data)
    ADC2_Length                              0x20000136   Data           2  dwgl_adc.o(.data)
    ADC2_State                               0x20000138   Data           1  dwgl_adc.o(.data)
    ADC2_Error                               0x20000139   Data           1  dwgl_adc.o(.data)
    ADC2_Buffer                              0x2000013a   Data           2  dwgl_adc.o(.data)
    DMA1_Channel1_Pointer                    0x2000013c   Data           4  dwgl_dma.o(.data)
    DMA1_Channel1_State                      0x20000140   Data           1  dwgl_dma.o(.data)
    DMA1_Channel1_Error                      0x20000141   Data           1  dwgl_dma.o(.data)
    DMA1_Channel1_Buffer                     0x20000144   Data           4  dwgl_dma.o(.data)
    DMA2_Channel1_Pointer                    0x20000148   Data           4  dwgl_dma.o(.data)
    DMA2_Channel1_State                      0x2000014c   Data           1  dwgl_dma.o(.data)
    DMA2_Channel1_Error                      0x2000014d   Data           1  dwgl_dma.o(.data)
    DMA2_Channel1_Buffer                     0x20000150   Data           4  dwgl_dma.o(.data)
    TIM2_Pointer                             0x20000154   Data           4  dwgl_tim.o(.data)
    TIM2_State                               0x20000158   Data           1  dwgl_tim.o(.data)
    TIM2_Error                               0x20000159   Data           1  dwgl_tim.o(.data)
    TIM2_Buffer                              0x2000015a   Data           2  dwgl_tim.o(.data)
    TIM2_Counter                             0x2000015c   Data           2  dwgl_tim.o(.data)
    TIM3_Pointer                             0x20000160   Data           4  dwgl_tim.o(.data)
    TIM3_State                               0x20000164   Data           1  dwgl_tim.o(.data)
    TIM3_Error                               0x20000165   Data           1  dwgl_tim.o(.data)
    TIM3_Buffer                              0x20000166   Data           2  dwgl_tim.o(.data)
    TIM3_Counter                             0x20000168   Data           2  dwgl_tim.o(.data)
    EXTI1_Pointer                            0x2000016c   Data           4  dwgl_exti.o(.data)
    EXTI1_State                              0x20000170   Data           1  dwgl_exti.o(.data)
    EXTI1_Error                              0x20000171   Data           1  dwgl_exti.o(.data)
    EXTI1_Counter                            0x20000172   Data           2  dwgl_exti.o(.data)
    EXTI15_10_Pointer                        0x20000174   Data           4  dwgl_exti.o(.data)
    EXTI15_10_State                          0x20000178   Data           1  dwgl_exti.o(.data)
    EXTI15_10_Error                          0x20000179   Data           1  dwgl_exti.o(.data)
    EXTI15_10_Counter                        0x2000017a   Data           2  dwgl_exti.o(.data)
    UART1_Receive_Pointer                    0x2000017c   Data           4  dwgl_sci.o(.data)
    UART1_Receive_BufSize                    0x20000180   Data           2  dwgl_sci.o(.data)
    UART1_Receive_Length                     0x20000182   Data           2  dwgl_sci.o(.data)
    UART1_Trans_Pointer                      0x20000184   Data           4  dwgl_sci.o(.data)
    UART1_Trans_BufSize                      0x20000188   Data           2  dwgl_sci.o(.data)
    UART1_Trans_Length                       0x2000018a   Data           2  dwgl_sci.o(.data)
    UART1_TX_State                           0x2000018c   Data           1  dwgl_sci.o(.data)
    UART1_RX_State                           0x2000018d   Data           1  dwgl_sci.o(.data)
    UART1_Error                              0x2000018e   Data           1  dwgl_sci.o(.data)
    UART2_Receive_Pointer                    0x20000190   Data           4  dwgl_sci.o(.data)
    UART2_Receive_BufSize                    0x20000194   Data           2  dwgl_sci.o(.data)
    UART2_Receive_Length                     0x20000196   Data           2  dwgl_sci.o(.data)
    UART2_Trans_Pointer                      0x20000198   Data           4  dwgl_sci.o(.data)
    UART2_Trans_BufSize                      0x2000019c   Data           2  dwgl_sci.o(.data)
    UART2_Trans_Length                       0x2000019e   Data           2  dwgl_sci.o(.data)
    UART2_TX_State                           0x200001a0   Data           1  dwgl_sci.o(.data)
    UART2_RX_State                           0x200001a1   Data           1  dwgl_sci.o(.data)
    UART2_Error                              0x200001a2   Data           1  dwgl_sci.o(.data)
    UART3_Receive_Pointer                    0x200001a4   Data           4  dwgl_sci.o(.data)
    UART3_Receive_BufSize                    0x200001a8   Data           2  dwgl_sci.o(.data)
    UART3_Receive_Length                     0x200001aa   Data           2  dwgl_sci.o(.data)
    UART3_Trans_Pointer                      0x200001ac   Data           4  dwgl_sci.o(.data)
    UART3_Trans_BufSize                      0x200001b0   Data           2  dwgl_sci.o(.data)
    UART3_Trans_Length                       0x200001b2   Data           2  dwgl_sci.o(.data)
    UART3_TX_State                           0x200001b4   Data           1  dwgl_sci.o(.data)
    UART3_RX_State                           0x200001b5   Data           1  dwgl_sci.o(.data)
    UART3_Error                              0x200001b6   Data           1  dwgl_sci.o(.data)
    FLASH_u8temp                             0x200001b8   Data           1  pm25lq512flash.o(.data)
    FLASH_u16temp                            0x200001ba   Data           2  pm25lq512flash.o(.data)
    SPI1_Receive_Pointer                     0x200001bc   Data           4  dwgl_spi.o(.data)
    SPI1_Receive_BufSize                     0x200001c0   Data           2  dwgl_spi.o(.data)
    SPI1_Receive_Length                      0x200001c2   Data           2  dwgl_spi.o(.data)
    SPI1_Trans_Pointer                       0x200001c4   Data           4  dwgl_spi.o(.data)
    SPI1_Trans_BufSize                       0x200001c8   Data           2  dwgl_spi.o(.data)
    SPI1_Trans_Length                        0x200001ca   Data           2  dwgl_spi.o(.data)
    SPI1_TX_State                            0x200001cc   Data           1  dwgl_spi.o(.data)
    SPI1_RX_State                            0x200001cd   Data           1  dwgl_spi.o(.data)
    SPI1_Error                               0x200001ce   Data           1  dwgl_spi.o(.data)
    SPI2_Receive_Pointer                     0x200001d0   Data           4  dwgl_spi.o(.data)
    SPI2_Receive_BufSize                     0x200001d4   Data           2  dwgl_spi.o(.data)
    SPI2_Receive_Length                      0x200001d6   Data           2  dwgl_spi.o(.data)
    SPI2_Trans_Pointer                       0x200001d8   Data           4  dwgl_spi.o(.data)
    SPI2_Trans_BufSize                       0x200001dc   Data           2  dwgl_spi.o(.data)
    SPI2_Trans_Length                        0x200001de   Data           2  dwgl_spi.o(.data)
    SPI2_TX_State                            0x200001e0   Data           1  dwgl_spi.o(.data)
    SPI2_RX_State                            0x200001e1   Data           1  dwgl_spi.o(.data)
    SPI2_Error                               0x200001e2   Data           1  dwgl_spi.o(.data)
    g32_temp                                 0x200001e4   Data           4  dwgl_tft.o(.data)
    g16_temp                                 0x200001e8   Data           2  dwgl_tft.o(.data)
    AnsiChardata                             0x200001ea   Data          32  dwgl_tft.o(.data)
    HZ_XZWM                                  0x2000020a   Data           9  dwgl_tft.o(.data)
    HZ_SRFY                                  0x20000213   Data           9  dwgl_tft.o(.data)
    device                                   0x2000021c   Data          26  dwgl_global.o(.bss)
    file_t                                   0x20000236   Data          18  dwgl_global.o(.bss)
    global_u16BUFFER                         0x20000248   Data         256  dwgl_global.o(.bss)
    global_u8BUFFER                          0x20000348   Data         128  dwgl_global.o(.bss)
    str_buffer                               0x200003c8   Data        4100  dwgl_global.o(.bss)
    LCD1_TxtBuffer                           0x200013cc   Data        2050  dwgl_global.o(.bss)
    LCD2_TxtBuffer                           0x20001bce   Data        2050  dwgl_global.o(.bss)
    Dport_PowerSetTime                       0x200023d0   Data          12  dwgl_global.o(.bss)
    Dport_PowerUseTime                       0x200023dc   Data          12  dwgl_global.o(.bss)
    UART_BUFFER                              0x200023e8   Data         128  dwgl_global.o(.bss)
    UART1_TXBUFFER                           0x20002468   Data         128  dwgl_global.o(.bss)
    UART1_RXBUFFER                           0x200024e8   Data         512  dwgl_global.o(.bss)
    UART2_TXBUFFER                           0x200026e8   Data         128  dwgl_global.o(.bss)
    UART2_RXBUFFER                           0x20002768   Data         128  dwgl_global.o(.bss)
    UART3_TXBUFFER                           0x200027e8   Data         128  dwgl_global.o(.bss)
    UART3_RXBUFFER                           0x20002868   Data         128  dwgl_global.o(.bss)
    SPI_BUFFER                               0x200028e8   Data         128  dwgl_global.o(.bss)
    ADC_BUFFER                               0x20002968   Data         640  dwgl_global.o(.bss)
    ADC_Base0                                0x20002be8   Data          36  dwgl_global.o(.bss)
    device_num                               0x20002c0c   Data          12  dwgl_global.o(.bss)
    __initial_sp                             0x20003018   Data           0  startup_stm32f10x_hd.o(STACK)



==============================================================================

Memory Map of the image

  Image Entry point : 0x08000131

  Load Region LR_IROM1 (Base: 0x08000000, Size: 0x000482f0, Max: 0x00060000, ABSOLUTE, COMPRESSED[0x00048194])

    Execution Region ER_IROM1 (Base: 0x08000000, Size: 0x000480d4, Max: 0x00060000, ABSOLUTE)

    Base Addr    Size         Type   Attr      Idx    E Section Name        Object

    0x08000000   0x00000130   Data   RO            3    RESET               startup_stm32f10x_hd.o
    0x08000130   0x00000000   Code   RO         4537  * .ARM.Collect$$$$00000000  mc_w.l(entry.o)
    0x08000130   0x00000004   Code   RO         4540    .ARM.Collect$$$$00000001  mc_w.l(entry2.o)
    0x08000134   0x00000004   Code   RO         4543    .ARM.Collect$$$$00000004  mc_w.l(entry5.o)
    0x08000138   0x00000000   Code   RO         4545    .ARM.Collect$$$$00000008  mc_w.l(entry7b.o)
    0x08000138   0x00000000   Code   RO         4547    .ARM.Collect$$$$0000000A  mc_w.l(entry8b.o)
    0x08000138   0x00000008   Code   RO         4548    .ARM.Collect$$$$0000000B  mc_w.l(entry9a.o)
    0x08000140   0x00000000   Code   RO         4550    .ARM.Collect$$$$0000000D  mc_w.l(entry10a.o)
    0x08000140   0x00000000   Code   RO         4552    .ARM.Collect$$$$0000000F  mc_w.l(entry11a.o)
    0x08000140   0x00000004   Code   RO         4541    .ARM.Collect$$$$00002712  mc_w.l(entry2.o)
    0x08000144   0x00000024   Code   RO            4    .text               startup_stm32f10x_hd.o
    0x08000168   0x00000024   Code   RO         4554    .text               mc_w.l(init.o)
    0x0800018c   0x00000056   Code   RO         4564    .text               mc_w.l(__dczerorl2.o)
    0x080001e2   0x00000002   PAD
    0x080001e4   0x00000100   Code   RO         3697    i.ADC1_2_IRQHandler  dwgl_adc.o
    0x080002e4   0x000000a4   Code   RO         3698    i.ADC1_Init         dwgl_adc.o
    0x08000388   0x0000000a   Code   RO          215    i.ADC_ClearITPendingBit  stm32f10x_adc.o
    0x08000392   0x00000016   Code   RO          216    i.ADC_Cmd           stm32f10x_adc.o
    0x080003a8   0x0000002c   Code   RO         3700    i.ADC_Configuration  dwgl_adc.o
    0x080003d4   0x0000005c   Code   RO          218    i.ADC_DeInit        stm32f10x_adc.o
    0x08000430   0x00000014   Code   RO          224    i.ADC_GetCalibrationStatus  stm32f10x_adc.o
    0x08000444   0x00000008   Code   RO          225    i.ADC_GetConversionValue  stm32f10x_adc.o
    0x0800044c   0x00000024   Code   RO          228    i.ADC_GetITStatus   stm32f10x_adc.o
    0x08000470   0x00000014   Code   RO          230    i.ADC_GetResetCalibrationStatus  stm32f10x_adc.o
    0x08000484   0x00000018   Code   RO          233    i.ADC_ITConfig      stm32f10x_adc.o
    0x0800049c   0x00000050   Code   RO          234    i.ADC_Init          stm32f10x_adc.o
    0x080004ec   0x000000b8   Code   RO          238    i.ADC_RegularChannelConfig  stm32f10x_adc.o
    0x080005a4   0x0000000a   Code   RO          239    i.ADC_ResetCalibration  stm32f10x_adc.o
    0x080005ae   0x00000016   Code   RO          241    i.ADC_SoftwareStartConvCmd  stm32f10x_adc.o
    0x080005c4   0x0000000a   Code   RO          243    i.ADC_StartCalibration  stm32f10x_adc.o
    0x080005ce   0x00000004   Code   RO         3202    i.BusFault_Handler  stm32f10x_it.o
    0x080005d2   0x00000002   PAD
    0x080005d4   0x000000ec   Code   RO         3369    i.ChargeCtrl_B      dwgl_function.o
    0x080006c0   0x000000f4   Code   RO         3370    i.ChargeCtrl_C      dwgl_function.o
    0x080007b4   0x00000040   Code   RO         3733    i.DMA1_Channel1_IRQHandler  dwgl_dma.o
    0x080007f4   0x0000001c   Code   RO          914    i.DMA_ClearFlag     stm32f10x_dma.o
    0x08000810   0x00000002   Code   RO         3203    i.DebugMon_Handler  stm32f10x_it.o
    0x08000812   0x00000020   Code   RO         4158    i.Delay_10ms        dwgl_wb_lcd.o
    0x08000832   0x00000002   PAD
    0x08000834   0x00000028   Code   RO         3271    i.Delay_us          bsp_systick.o
    0x0800085c   0x00000028   Code   RO         3373    i.Device_Rst        dwgl_function.o
    0x08000884   0x000000e4   Code   RO         3375    i.DisplayPROT_EWM   dwgl_function.o
    0x08000968   0x0000005c   Code   RO         3380    i.Dport_ChargeOFF   dwgl_function.o
    0x080009c4   0x0000005c   Code   RO         3381    i.Dport_ChargeON    dwgl_function.o
    0x08000a20   0x00000330   Code   RO         3383    i.Dport_ChargeStateB  dwgl_function.o
    0x08000d50   0x00000334   Code   RO         3384    i.Dport_ChargeStateC  dwgl_function.o
    0x08001084   0x00000048   Code   RO         3811    i.EXTI15_10_IRQHandler  dwgl_exti.o
    0x080010cc   0x00000044   Code   RO         3813    i.EXTI1_IRQHandler  dwgl_exti.o
    0x08001110   0x0000001c   Code   RO         3204    i.EXTI4_IRQHandler  stm32f10x_it.o
    0x0800112c   0x0000000c   Code   RO          987    i.EXTI_ClearITPendingBit  stm32f10x_exti.o
    0x08001138   0x00000028   Code   RO          991    i.EXTI_GetITStatus  stm32f10x_exti.o
    0x08001160   0x00000024   Code   RO         3931    i.FLASH2_CSSelect   pm25lq512flash.o
    0x08001184   0x00000044   Code   RO         4026    i.FLASH2_GPIOSPI_IsBusy  dwgl_spi.o
    0x080011c8   0x00000078   Code   RO         4027    i.FLASH2_GPIOSPI_Read  dwgl_spi.o
    0x08001240   0x0000006c   Code   RO         4028    i.FLASH2_GPIOSPI_SE  dwgl_spi.o
    0x080012ac   0x0000006c   Code   RO         4029    i.FLASH2_GPIOSPI_SER  dwgl_spi.o
    0x08001318   0x0000008c   Code   RO         4030    i.FLASH2_GPIOSPI_Write  dwgl_spi.o
    0x080013a4   0x00000260   Code   RO         4032    i.GPIOSPI_SR_BYTE   dwgl_spi.o
    0x08001604   0x00000174   Code   RO         4034    i.GPIOSPI_Send1_BYTE  dwgl_spi.o
    0x08001778   0x0000014c   Code   RO         4036    i.GPIOSPI_Send_BYTE  dwgl_spi.o
    0x080018c4   0x00000116   Code   RO         1343    i.GPIO_Init         stm32f10x_gpio.o
    0x080019da   0x00000008   Code   RO         3326    i.GPIO_NegationBits  bsp_led.o
    0x080019e2   0x00000002   PAD
    0x080019e4   0x00000090   Code   RO         1345    i.GPIO_PinRemapConfig  stm32f10x_gpio.o
    0x08001a74   0x00000012   Code   RO         1347    i.GPIO_ReadInputDataBit  stm32f10x_gpio.o
    0x08001a86   0x00000004   Code   RO         1350    i.GPIO_ResetBits    stm32f10x_gpio.o
    0x08001a8a   0x00000004   Code   RO         1351    i.GPIO_SetBits      stm32f10x_gpio.o
    0x08001a8e   0x00000002   PAD
    0x08001a90   0x00000028   Code   RO         3385    i.Get_ADC_BaseLine  dwgl_function.o
    0x08001ab8   0x00000004   Code   RO         3205    i.HardFault_Handler  stm32f10x_it.o
    0x08001abc   0x0000003a   Code   RO         4160    i.LCD_Clear         dwgl_wb_lcd.o
    0x08001af6   0x0000001c   Code   RO         4167    i.LCD_DrawPoint     dwgl_wb_lcd.o
    0x08001b12   0x00000050   Code   RO         4169    i.LCD_Fill          dwgl_wb_lcd.o
    0x08001b62   0x00000002   PAD
    0x08001b64   0x00000204   Code   RO         4172    i.LCD_Init          dwgl_wb_lcd.o
    0x08001d68   0x00000200   Code   RO         4173    i.LCD_Init1         dwgl_wb_lcd.o
    0x08001f68   0x00000044   Code   RO         4176    i.LCD_SetCursor     dwgl_wb_lcd.o
    0x08001fac   0x0000003c   Code   RO         4181    i.LCD_WE_RAM        dwgl_wb_lcd.o
    0x08001fe8   0x00000048   Code   RO         4182    i.LCD_WR_REG        dwgl_wb_lcd.o
    0x08002030   0x00000054   Code   RO         4183    i.LCD_WindowMax     dwgl_wb_lcd.o
    0x08002084   0x0000000a   Code   RO         4184    i.LCD_WriteRAM_Prepare  dwgl_wb_lcd.o
    0x0800208e   0x00000002   PAD
    0x08002090   0x000000f8   Code   RO         3327    i.LED_GPIO_Config   bsp_led.o
    0x08002188   0x00000004   Code   RO         3206    i.MemManage_Handler  stm32f10x_it.o
    0x0800218c   0x00000002   Code   RO         3207    i.NMI_Handler       stm32f10x_it.o
    0x0800218e   0x0000007c   Code   RO         3347    i.NVIC_Configuration  dwgl_global.o
    0x0800220a   0x00000002   PAD
    0x0800220c   0x00000070   Code   RO          170    i.NVIC_Init         misc.o
    0x0800227c   0x00000002   Code   RO         3208    i.PendSV_Handler    stm32f10x_it.o
    0x0800227e   0x00000002   PAD
    0x08002280   0x00000018   Code   RO         1763    i.RCC_ADCCLKConfig  stm32f10x_rcc.o
    0x08002298   0x00000020   Code   RO         1765    i.RCC_APB1PeriphClockCmd  stm32f10x_rcc.o
    0x080022b8   0x00000020   Code   RO         1767    i.RCC_APB2PeriphClockCmd  stm32f10x_rcc.o
    0x080022d8   0x00000020   Code   RO         1768    i.RCC_APB2PeriphResetCmd  stm32f10x_rcc.o
    0x080022f8   0x000000d4   Code   RO         1775    i.RCC_GetClocksFreq  stm32f10x_rcc.o
    0x080023cc   0x00000070   Code   RO         4038    i.SPI1_IRQHandler   dwgl_spi.o
    0x0800243c   0x00000002   Code   RO         4042    i.SPI2_IRQHandler   dwgl_spi.o
    0x0800243e   0x00000014   Code   RO         2255    i.SPI_I2S_ClearITPendingBit  stm32f10x_spi.o
    0x08002452   0x00000034   Code   RO         2259    i.SPI_I2S_GetITStatus  stm32f10x_spi.o
    0x08002486   0x00000002   Code   RO         3209    i.SVC_Handler       stm32f10x_it.o
    0x08002488   0x00000008   Code   RO           24    i.SetSysClock       system_stm32f10x.o
    0x08002490   0x000000e0   Code   RO           25    i.SetSysClockTo72   system_stm32f10x.o
    0x08002570   0x00000024   Code   RO         3210    i.SysTick_Handler   stm32f10x_it.o
    0x08002594   0x00000078   Code   RO         3272    i.SysTick_Init      bsp_systick.o
    0x0800260c   0x00000060   Code   RO           27    i.SystemInit        system_stm32f10x.o
    0x0800266c   0x00000002   Code   RO         3769    i.TIM2_IRQHandler   dwgl_tim.o
    0x0800266e   0x00000002   PAD
    0x08002670   0x00000040   Code   RO         3772    i.TIM3_IRQHandler   dwgl_tim.o
    0x080026b0   0x00000006   Code   RO         2400    i.TIM_ClearITPendingBit  stm32f10x_tim.o
    0x080026b6   0x00000022   Code   RO         2426    i.TIM_GetITStatus   stm32f10x_tim.o
    0x080026d8   0x00000018   Code   RO         3273    i.TimingDelay_Decrement  bsp_systick.o
    0x080026f0   0x0000008c   Code   RO         3854    i.UART1_Init        dwgl_sci.o
    0x0800277c   0x00000068   Code   RO         3855    i.UART1_Send_Data   dwgl_sci.o
    0x080027e4   0x0000009c   Code   RO         3858    i.UART3_Init        dwgl_sci.o
    0x08002880   0x0000002c   Code   RO         3859    i.UART3_Send_Data   dwgl_sci.o
    0x080028ac   0x00000038   Code   RO         3860    i.UART_Configuration  dwgl_sci.o
    0x080028e4   0x00000080   Code   RO         3861    i.USART1_IRQHandler  dwgl_sci.o
    0x08002964   0x00000074   Code   RO         3862    i.USART2_IRQHandler  dwgl_sci.o
    0x080029d8   0x00000070   Code   RO         3863    i.USART3_IRQHandler  dwgl_sci.o
    0x08002a48   0x0000001e   Code   RO         2938    i.USART_ClearITPendingBit  stm32f10x_usart.o
    0x08002a66   0x00000018   Code   RO         2941    i.USART_Cmd         stm32f10x_usart.o
    0x08002a7e   0x00000054   Code   RO         2945    i.USART_GetITStatus  stm32f10x_usart.o
    0x08002ad2   0x0000004a   Code   RO         2947    i.USART_ITConfig    stm32f10x_usart.o
    0x08002b1c   0x000000d8   Code   RO         2948    i.USART_Init        stm32f10x_usart.o
    0x08002bf4   0x00000004   Code   RO         3211    i.UsageFault_Handler  stm32f10x_it.o
    0x08002bf8   0x0000000e   Code   RO         4558    i.__scatterload_copy  mc_w.l(handlers.o)
    0x08002c06   0x00000002   Code   RO         4559    i.__scatterload_null  mc_w.l(handlers.o)
    0x08002c08   0x0000000e   Code   RO         4560    i.__scatterload_zeroinit  mc_w.l(handlers.o)
    0x08002c16   0x00000002   PAD
    0x08002c18   0x000000c4   Code   RO         3390    i.cmd3_Get_State    dwgl_function.o
    0x08002cdc   0x000001c0   Code   RO         3391    i.cmd3_Set_State    dwgl_function.o
    0x08002e9c   0x000000b8   Code   RO         3392    i.cmd3_ShakeHands   dwgl_function.o
    0x08002f54   0x00000164   Code   RO         3393    i.cmd_Device_Check  dwgl_function.o
    0x080030b8   0x00000154   Code   RO         3395    i.cmd_Device_num    dwgl_function.o
    0x0800320c   0x00000002   Code   RO         3396    i.cmd_Erase_Flash   dwgl_function.o
    0x0800320e   0x00000002   PAD
    0x08003210   0x000001b8   Code   RO         3397    i.cmd_File_Erase    dwgl_function.o
    0x080033c8   0x0000059c   Code   RO         3398    i.cmd_File_Recall   dwgl_function.o
    0x08003964   0x00000b60   Code   RO         3399    i.cmd_File_Requst   dwgl_function.o
    0x080044c4   0x000001b8   Code   RO         3400    i.cmd_File_Tx       dwgl_function.o
    0x0800467c   0x00000070   Code   RO         3401    i.cmd_Get_ADC       dwgl_function.o
    0x080046ec   0x00000184   Code   RO         3403    i.cmd_Port_Info     dwgl_function.o
    0x08004870   0x0000015c   Code   RO         3404    i.cmd_Power_off     dwgl_function.o
    0x080049cc   0x0000021c   Code   RO         3405    i.cmd_Power_on      dwgl_function.o
    0x08004be8   0x00000070   Code   RO         3406    i.cmd_Read_Flash    dwgl_function.o
    0x08004c58   0x0000010c   Code   RO         3407    i.cmd_Save_ADC      dwgl_function.o
    0x08004d64   0x00000084   Code   RO         3408    i.cmd_ShakeHands    dwgl_function.o
    0x08004de8   0x000000fc   Code   RO         3409    i.cmd_Write_Flash   dwgl_function.o
    0x08004ee4   0x0000000e   Code   RO         3943    i.delay_cycle       pm25lq512flash.o
    0x08004ef2   0x00000002   PAD
    0x08004ef4   0x000002cc   Code   RO         3411    i.display_flash_BMP  dwgl_function.o
    0x080051c0   0x00000a00   Code   RO         3174    i.main              main.o
    0x08005bc0   0x000000c4   Code   RO         4357    i.tft_16bitdeep_BMP  dwgl_tft.o
    0x08005c84   0x000001ac   Code   RO         4359    i.tft_1bitdeep_BMP  dwgl_tft.o
    0x08005e30   0x00000230   Code   RO         4361    i.tft_1bitdeep_TXT  dwgl_tft.o
    0x08006060   0x00000038   Code   RO         4363    i.tft_Clear         dwgl_tft.o
    0x08006098   0x00000076   Code   RO         4364    i.tft_DisplayStr    dwgl_tft.o
    0x0800610e   0x00000002   PAD
    0x08006110   0x00000094   Code   RO         4366    i.tft_ShowCharE     dwgl_tft.o
    0x080061a4   0x000000c8   Code   RO         4368    i.tft_ShowHzE       dwgl_tft.o
    0x0800626c   0x00000030   Code   RO         4369    i.tft_cs_disable    dwgl_tft.o
    0x0800629c   0x00000030   Code   RO         4370    i.tft_cs_enable     dwgl_tft.o
    0x080062cc   0x0000024c   Code   RO         3175    i.uart1_cmd         main.o
    0x08006518   0x0000012c   Code   RO         3176    i.uart3_cmd         main.o
    0x08006644   0x00000280   Data   RO         4472    .constdata          gimage10_16_288_1bitc.o
    0x080068c4   0x0000bbc2   Data   RO         4485    .constdata          gimage11_240_100_16bitc.o
    0x08012486   0x000005f0   Data   RO         4498    .constdata          asciilib_65k.o
    0x08012a76   0x0000083e   Data   RO         4511    .constdata          gimage12_128_128_1bitc.o
    0x080132b4   0x00034e00   Data   RO         4524    .constdata          hzlib_65k.o
    0x080480b4   0x00000020   Data   RO         4556    Region$$Table       anon$$obj.o


    Execution Region RW_IRAM1 (Base: 0x20000000, Size: 0x00003018, Max: 0x00010000, ABSOLUTE, COMPRESSED[0x000000c0])

    Base Addr    Size         Type   Attr      Idx    E Section Name        Object

    0x20000000   0x00000014   Data   RW           28    .data               system_stm32f10x.o
    0x20000014   0x00000014   Data   RW         1795    .data               stm32f10x_rcc.o
    0x20000028   0x00000004   Data   RW         3274    .data               bsp_systick.o
    0x2000002c   0x000000f6   Data   RW         3349    .data               dwgl_global.o
    0x20000122   0x00000002   PAD
    0x20000124   0x00000018   Data   RW         3701    .data               dwgl_adc.o
    0x2000013c   0x00000018   Data   RW         3737    .data               dwgl_dma.o
    0x20000154   0x00000016   Data   RW         3774    .data               dwgl_tim.o
    0x2000016a   0x00000002   PAD
    0x2000016c   0x00000010   Data   RW         3816    .data               dwgl_exti.o
    0x2000017c   0x0000003b   Data   RW         3864    .data               dwgl_sci.o
    0x200001b7   0x00000001   PAD
    0x200001b8   0x00000004   Data   RW         3944    .data               pm25lq512flash.o
    0x200001bc   0x00000027   Data   RW         4046    .data               dwgl_spi.o
    0x200001e3   0x00000001   PAD
    0x200001e4   0x00000038   Data   RW         4371    .data               dwgl_tft.o
    0x2000021c   0x000029fc   Zero   RW         3348    .bss                dwgl_global.o
    0x20002c18   0x00000400   Zero   RW            1    STACK               startup_stm32f10x_hd.o


==============================================================================

Image component sizes


      Code (inc. data)   RO Data    RW Data    ZI Data      Debug   Object Name

         0          0       1520          0          0        599   asciilib_65k.o
       256         22          0          0          0       1470   bsp_led.o
       184         22          0          4          0      17405   bsp_systick.o
         0          0          0          0          0       4508   core_cm3.o
       464         64          0         24          0       2710   dwgl_adc.o
        64         16          0         24          0       1499   dwgl_dma.o
       140         20          0         16          0       1988   dwgl_exti.o
     12230        658          0          0          0      22722   dwgl_function.o
       124          0          0        246      10748       5200   dwgl_global.o
       856        134          0         59          0       6527   dwgl_sci.o
      1970         68          0         39          0       8401   dwgl_spi.o
      1802         50          0         56          0       8815   dwgl_tft.o
        66         16          0         22          0       1870   dwgl_tim.o
      1520         44          0          0          0       7112   dwgl_wb_lcd.o
         0          0        640          0          0        664   gimage10_16_288_1bitc.o
         0          0      48066          0          0        674   gimage11_240_100_16bitc.o
         0          0       2110          0          0        673   gimage12_128_128_1bitc.o
         0          0     216576          0          0        580   hzlib_65k.o
      3448        270          0          0          0      18342   main.o
       112         12          0          0          0       1068   misc.o
        50          6          0          4          0       1433   pm25lq512flash.o
        36          8        304          0       1024        884   startup_stm32f10x_hd.o
       538         24          0          0          0      10195   stm32f10x_adc.o
        28         10          0          0          0        536   stm32f10x_dma.o
        52         12          0          0          0       1172   stm32f10x_exti.o
       448          6          0          0          0       4634   stm32f10x_gpio.o
        88         12          0          0          0       4597   stm32f10x_it.o
       332         44          0         20          0       5710   stm32f10x_rcc.o
        72          0          0          0          0       2418   stm32f10x_spi.o
        40          0          0          0          0       1826   stm32f10x_tim.o
       428          6          0          0          0       5220   stm32f10x_usart.o
       328         28          0         20          0     266945   system_stm32f10x.o

    ----------------------------------------------------------------------
     25700       1552     269248        540      11772     418397   Object Totals
         0          0         32          0          0          0   (incl. Generated)
        24          0          0          6          0          0   (incl. Padding)

    ----------------------------------------------------------------------

      Code (inc. data)   RO Data    RW Data    ZI Data      Debug   Library Member Name

        86          0          0          0          0          0   __dczerorl2.o
         0          0          0          0          0          0   entry.o
         0          0          0          0          0          0   entry10a.o
         0          0          0          0          0          0   entry11a.o
         8          4          0          0          0          0   entry2.o
         4          0          0          0          0          0   entry5.o
         0          0          0          0          0          0   entry7b.o
         0          0          0          0          0          0   entry8b.o
         8          4          0          0          0          0   entry9a.o
        30          0          0          0          0          0   handlers.o
        36          8          0          0          0         68   init.o

    ----------------------------------------------------------------------
       176         16          0          0          0         68   Library Totals
         4          0          0          0          0          0   (incl. Padding)

    ----------------------------------------------------------------------

      Code (inc. data)   RO Data    RW Data    ZI Data      Debug   Library Name

       172         16          0          0          0         68   mc_w.l

    ----------------------------------------------------------------------
       176         16          0          0          0         68   Library Totals

    ----------------------------------------------------------------------

==============================================================================


      Code (inc. data)   RO Data    RW Data    ZI Data      Debug   

     25876       1568     269248        540      11772     411989   Grand Totals
     25876       1568     269248        192      11772     411989   ELF Image Totals (compressed)
     25876       1568     269248        192          0          0   ROM Totals

==============================================================================

    Total RO  Size (Code + RO Data)               295124 ( 288.21kB)
    Total RW  Size (RW Data + ZI Data)             12312 (  12.02kB)
    Total ROM Size (Code + RO Data + RW Data)     295316 ( 288.39kB)

==============================================================================

