<html>
<body>
<pre>
<h1>µVision Build Log</h1>
<h2>Tool Versions:</h2>
IDE-Version: ¦ÌVision V5.20.0.0
Copyright (C) 2016 ARM Ltd and ARM Germany GmbH. All rights reserved.
License Information: dwgl CCPC, Microsoft, LIC=IC9TG-VIXA5-BVB1G-V8373-DJACT-0A63F
 
Tool Versions:
Toolchain:       MDK-ARM Professional  Version: 5.20
Toolchain Path:  C:\Keil_v5\ARM\ARMCC\Bin
C Compiler:      Armcc.exe V5.06 update 2 (build 183)
Assembler:       Armasm.exe V5.06 update 2 (build 183)
Linker/Locator:  ArmLink.exe V5.06 update 2 (build 183)
Library Manager: ArmAr.exe V5.06 update 2 (build 183)
Hex Converter:   FromElf.exe V5.06 update 2 (build 183)
CPU DLL:         SARMCM3.DLL V5.20
Dialog DLL:      DCM.DLL V1.13.7.0
Target DLL:      UL2CM3.DLL V1.157.18.0
Dialog DLL:      TCM.DLL V1.14.9.0
 
<h2>Project:</h2>
E:\CCKJ\charge2to6\charge_ctrl_STM32\charge_ctrl_stm32V2.1\Project\RVMDK£¨uv4£©\iSO-STM32.uvprojx
Project File Date:  10/13/2017

<h2>Output:</h2>
*** Using Compiler 'V5.06 update 2 (build 183)', folder: 'C:\Keil_v5\ARM\ARMCC\Bin'
Rebuild target 'Òº¾§´¥Ãþ'
assembling startup_stm32f10x_hd.s...
compiling core_cm3.c...
compiling system_stm32f10x.c...
compiling misc.c...
compiling stm32f10x_adc.c...
compiling stm32f10x_bkp.c...
compiling stm32f10x_can.c...
compiling stm32f10x_crc.c...
compiling stm32f10x_cec.c...
compiling stm32f10x_dac.c...
compiling stm32f10x_dbgmcu.c...
compiling stm32f10x_dma.c...
compiling stm32f10x_exti.c...
compiling stm32f10x_fsmc.c...
compiling stm32f10x_gpio.c...
compiling stm32f10x_flash.c...
compiling stm32f10x_i2c.c...
compiling stm32f10x_rcc.c...
compiling stm32f10x_pwr.c...
compiling stm32f10x_iwdg.c...
compiling stm32f10x_sdio.c...
compiling stm32f10x_rtc.c...
compiling stm32f10x_spi.c...
compiling stm32f10x_usart.c...
compiling stm32f10x_tim.c...
compiling stm32f10x_wwdg.c...
compiling stm32f10x_it.c...
compiling main.c...
..\..\User\main.c(31): warning:  #550-D: variable "flag" was set but never used
  	u8 flag;
..\..\User\main.c: 1 warning, 0 errors
compiling bsp_SysTick.c...
compiling bsp_led.c...
compiling bsp_gpio_spi.c...
compiling dwgl_global.c...
compiling dwgl_function.c...
compiling dwgl_dac.c...
..\..\User\dwgl_dac.c(114): warning:  #550-D: variable "DAC_InitType" was set but never used
  	DAC_InitTypeDef DAC_InitType;
..\..\User\dwgl_dac.c: 1 warning, 0 errors
compiling dwgl_adc.c...
compiling dwgl_dma.c...
compiling dwgl_tim.c...
compiling dwgl_exti.c...
compiling dwgl_sci.c...
..\..\User\dwgl_sci.c(425): warning:  #177-D: function "RS485_Delay" was declared but never referenced
  static void RS485_Delay(uint32_t nCount)
..\..\User\dwgl_sci.c: 1 warning, 0 errors
compiling dwgl_spi.c...
compiling PM25LQ512FLASH.c...
compiling dwgl_WB_LCD.c...
compiling gImage7_128_128_1bitC.c...
compiling dwgl_tft.c...
compiling gImage9_128_128_1bitC.c...
compiling AsciiLib_65k.c...
compiling gImage11_240_100_16bitC.c...
compiling gImage10_16_288_1bitC.c...
compiling gImage12_128_128_1bitC.c...
compiling HzLib_65k.c...
linking...
Program Size: Code=25876 RO-data=269248 RW-data=540 ZI-data=11772  
FromELF: creating hex file...
"..\..\Output\Template.axf" - 0 Error(s), 3 Warning(s).

<h2>Software Packages used:</h2>

Package Vendor: ARM
                http://www.keil.com/pack/ARM.CMSIS.4.5.0.pack
                ARM::CMSIS:CORE:4.3.0
                CMSIS (Cortex Microcontroller Software Interface Standard)
   * Component: CORE Version: 4.3.0

<h2>Collection of Component include folders:</h2>
  E:\CCKJ\charge2to6\charge_ctrl_STM32\charge_ctrl_stm32V2.1\Project\RVMDK£¨uv4£©\RTE
  C:\Keil_v5\ARM\PACK\ARM\CMSIS\4.5.0\CMSIS\Include
  C:\Keil_v5\ARM\PACK\Keil\STM32F1xx_DFP\2.2.0\Device\Include

<h2>Collection of Component Files used:</h2>

   * Component: ARM::CMSIS:CORE:4.3.0
Build Time Elapsed:  00:00:26
</pre>
</body>
</html>
